<?xml version="1.0"?>
<link_info>
   <banner>TI ARM Linker PC v5.2.9</banner>
   <copyright>Copyright (c) 1996-2017 Texas Instruments Incorporated</copyright>
   <link_time>0x5adb1871</link_time>
   <link_errors>0x0</link_errors>
   <output_file>ADAS_V2X_tcp_socket.out</output_file>
   <entry_point>
      <name>_c_int00</name>
      <address>0x2000bd59</address>
   </entry_point>
   <input_file_list>
      <input_file id="fl-2">
         <path>.\</path>
         <kind>object</kind>
         <file>WifiUartCC3200.obj</file>
         <name>WifiUartCC3200.obj</name>
      </input_file>
      <input_file id="fl-3">
         <path>.\</path>
         <kind>object</kind>
         <file>main.obj</file>
         <name>main.obj</name>
      </input_file>
      <input_file id="fl-4">
         <path>.\</path>
         <kind>object</kind>
         <file>network_common.obj</file>
         <name>network_common.obj</name>
      </input_file>
      <input_file id="fl-5">
         <path>.\</path>
         <kind>object</kind>
         <file>pinmux.obj</file>
         <name>pinmux.obj</name>
      </input_file>
      <input_file id="fl-6">
         <path>.\</path>
         <kind>object</kind>
         <file>startup_ccs.obj</file>
         <name>startup_ccs.obj</name>
      </input_file>
      <input_file id="fl-7">
         <path>.\</path>
         <kind>object</kind>
         <file>uart_if.obj</file>
         <name>uart_if.obj</name>
      </input_file>
      <input_file id="fl-8">
         <path>.\</path>
         <kind>object</kind>
         <file>udma_if.obj</file>
         <name>udma_if.obj</name>
      </input_file>
      <input_file id="fl-130">
         <path>C:\ti\ccsv8\tools\compiler\ti-cgt-arm_5.2.9\lib\</path>
         <kind>archive</kind>
         <file>rtsv7M4_T_le_eabi.lib</file>
         <name>boot.obj</name>
      </input_file>
      <input_file id="fl-131">
         <path>C:\ti\ccsv8\tools\compiler\ti-cgt-arm_5.2.9\lib\</path>
         <kind>archive</kind>
         <file>rtsv7M4_T_le_eabi.lib</file>
         <name>copy_decompress_none.obj</name>
      </input_file>
      <input_file id="fl-132">
         <path>C:\ti\ccsv8\tools\compiler\ti-cgt-arm_5.2.9\lib\</path>
         <kind>archive</kind>
         <file>rtsv7M4_T_le_eabi.lib</file>
         <name>copy_decompress_rle.obj</name>
      </input_file>
      <input_file id="fl-133">
         <path>C:\ti\ccsv8\tools\compiler\ti-cgt-arm_5.2.9\lib\</path>
         <kind>archive</kind>
         <file>rtsv7M4_T_le_eabi.lib</file>
         <name>copy_zero_init.obj</name>
      </input_file>
      <input_file id="fl-134">
         <path>C:\ti\ccsv8\tools\compiler\ti-cgt-arm_5.2.9\lib\</path>
         <kind>archive</kind>
         <file>rtsv7M4_T_le_eabi.lib</file>
         <name>exit.obj</name>
      </input_file>
      <input_file id="fl-135">
         <path>C:\ti\ccsv8\tools\compiler\ti-cgt-arm_5.2.9\lib\</path>
         <kind>archive</kind>
         <file>rtsv7M4_T_le_eabi.lib</file>
         <name>memcpy_t2.obj</name>
      </input_file>
      <input_file id="fl-136">
         <path>C:\ti\ccsv8\tools\compiler\ti-cgt-arm_5.2.9\lib\</path>
         <kind>archive</kind>
         <file>rtsv7M4_T_le_eabi.lib</file>
         <name>memmov.obj</name>
      </input_file>
      <input_file id="fl-137">
         <path>C:\ti\ccsv8\tools\compiler\ti-cgt-arm_5.2.9\lib\</path>
         <kind>archive</kind>
         <file>rtsv7M4_T_le_eabi.lib</file>
         <name>memory.obj</name>
      </input_file>
      <input_file id="fl-138">
         <path>C:\ti\ccsv8\tools\compiler\ti-cgt-arm_5.2.9\lib\</path>
         <kind>archive</kind>
         <file>rtsv7M4_T_le_eabi.lib</file>
         <name>memset_t2.obj</name>
      </input_file>
      <input_file id="fl-139">
         <path>C:\ti\ccsv8\tools\compiler\ti-cgt-arm_5.2.9\lib\</path>
         <kind>archive</kind>
         <file>rtsv7M4_T_le_eabi.lib</file>
         <name>pre_init.obj</name>
      </input_file>
      <input_file id="fl-13a">
         <path>C:\ti\ccsv8\tools\compiler\ti-cgt-arm_5.2.9\lib\</path>
         <kind>archive</kind>
         <file>rtsv7M4_T_le_eabi.lib</file>
         <name>stkdepth_vars.obj</name>
      </input_file>
      <input_file id="fl-13b">
         <path>C:\ti\ccsv8\tools\compiler\ti-cgt-arm_5.2.9\lib\</path>
         <kind>archive</kind>
         <file>rtsv7M4_T_le_eabi.lib</file>
         <name>strlen.obj</name>
      </input_file>
      <input_file id="fl-13c">
         <path>C:\ti\ccsv8\tools\compiler\ti-cgt-arm_5.2.9\lib\</path>
         <kind>archive</kind>
         <file>rtsv7M4_T_le_eabi.lib</file>
         <name>strtok.obj</name>
      </input_file>
      <input_file id="fl-13d">
         <path>C:\ti\ccsv8\tools\compiler\ti-cgt-arm_5.2.9\lib\</path>
         <kind>archive</kind>
         <file>rtsv7M4_T_le_eabi.lib</file>
         <name>strtoul.obj</name>
      </input_file>
      <input_file id="fl-13e">
         <path>C:\ti\ccsv8\tools\compiler\ti-cgt-arm_5.2.9\lib\</path>
         <kind>archive</kind>
         <file>rtsv7M4_T_le_eabi.lib</file>
         <name>vsnprintf.obj</name>
      </input_file>
      <input_file id="fl-13f">
         <path>C:\ti\ccsv8\tools\compiler\ti-cgt-arm_5.2.9\lib\</path>
         <kind>archive</kind>
         <file>rtsv7M4_T_le_eabi.lib</file>
         <name>_lock.obj</name>
      </input_file>
      <input_file id="fl-140">
         <path>C:\ti\ccsv8\tools\compiler\ti-cgt-arm_5.2.9\lib\</path>
         <kind>archive</kind>
         <file>rtsv7M4_T_le_eabi.lib</file>
         <name>_printfi.obj</name>
      </input_file>
      <input_file id="fl-141">
         <path>C:\ti\ccsv8\tools\compiler\ti-cgt-arm_5.2.9\lib\</path>
         <kind>archive</kind>
         <file>rtsv7M4_T_le_eabi.lib</file>
         <name>args_main.obj</name>
      </input_file>
      <input_file id="fl-142">
         <path>C:\ti\ccsv8\tools\compiler\ti-cgt-arm_5.2.9\lib\</path>
         <kind>archive</kind>
         <file>rtsv7M4_T_le_eabi.lib</file>
         <name>atoi.obj</name>
      </input_file>
      <input_file id="fl-143">
         <path>C:\ti\ccsv8\tools\compiler\ti-cgt-arm_5.2.9\lib\</path>
         <kind>archive</kind>
         <file>rtsv7M4_T_le_eabi.lib</file>
         <name>autoinit.obj</name>
      </input_file>
      <input_file id="fl-144">
         <path>C:\ti\ccsv8\tools\compiler\ti-cgt-arm_5.2.9\lib\</path>
         <kind>archive</kind>
         <file>rtsv7M4_T_le_eabi.lib</file>
         <name>cpy_tbl.obj</name>
      </input_file>
      <input_file id="fl-145">
         <path>C:\ti\ccsv8\tools\compiler\ti-cgt-arm_5.2.9\lib\</path>
         <kind>archive</kind>
         <file>rtsv7M4_T_le_eabi.lib</file>
         <name>ctype.obj</name>
      </input_file>
      <input_file id="fl-146">
         <path>C:\ti\ccsv8\tools\compiler\ti-cgt-arm_5.2.9\lib\</path>
         <kind>archive</kind>
         <file>rtsv7M4_T_le_eabi.lib</file>
         <name>errno.obj</name>
      </input_file>
      <input_file id="fl-147">
         <path>C:\ti\ccsv8\tools\compiler\ti-cgt-arm_5.2.9\lib\</path>
         <kind>archive</kind>
         <file>rtsv7M4_T_le_eabi.lib</file>
         <name>fd_add_t2.obj</name>
      </input_file>
      <input_file id="fl-148">
         <path>C:\ti\ccsv8\tools\compiler\ti-cgt-arm_5.2.9\lib\</path>
         <kind>archive</kind>
         <file>rtsv7M4_T_le_eabi.lib</file>
         <name>fd_cmp_t2.obj</name>
      </input_file>
      <input_file id="fl-149">
         <path>C:\ti\ccsv8\tools\compiler\ti-cgt-arm_5.2.9\lib\</path>
         <kind>archive</kind>
         <file>rtsv7M4_T_le_eabi.lib</file>
         <name>fd_div_t2.obj</name>
      </input_file>
      <input_file id="fl-14a">
         <path>C:\ti\ccsv8\tools\compiler\ti-cgt-arm_5.2.9\lib\</path>
         <kind>archive</kind>
         <file>rtsv7M4_T_le_eabi.lib</file>
         <name>fd_mul_t2.obj</name>
      </input_file>
      <input_file id="fl-14b">
         <path>C:\ti\ccsv8\tools\compiler\ti-cgt-arm_5.2.9\lib\</path>
         <kind>archive</kind>
         <file>rtsv7M4_T_le_eabi.lib</file>
         <name>fd_toi_t2.obj</name>
      </input_file>
      <input_file id="fl-14c">
         <path>C:\ti\ccsv8\tools\compiler\ti-cgt-arm_5.2.9\lib\</path>
         <kind>archive</kind>
         <file>rtsv7M4_T_le_eabi.lib</file>
         <name>frexp.obj</name>
      </input_file>
      <input_file id="fl-14d">
         <path>C:\ti\ccsv8\tools\compiler\ti-cgt-arm_5.2.9\lib\</path>
         <kind>archive</kind>
         <file>rtsv7M4_T_le_eabi.lib</file>
         <name>i_tofd_t2.obj</name>
      </input_file>
      <input_file id="fl-14e">
         <path>C:\ti\ccsv8\tools\compiler\ti-cgt-arm_5.2.9\lib\</path>
         <kind>archive</kind>
         <file>rtsv7M4_T_le_eabi.lib</file>
         <name>ldexp.obj</name>
      </input_file>
      <input_file id="fl-14f">
         <path>C:\ti\ccsv8\tools\compiler\ti-cgt-arm_5.2.9\lib\</path>
         <kind>archive</kind>
         <file>rtsv7M4_T_le_eabi.lib</file>
         <name>ltoa.obj</name>
      </input_file>
      <input_file id="fl-150">
         <path>C:\ti\ccsv8\tools\compiler\ti-cgt-arm_5.2.9\lib\</path>
         <kind>archive</kind>
         <file>rtsv7M4_T_le_eabi.lib</file>
         <name>memccpy.obj</name>
      </input_file>
      <input_file id="fl-151">
         <path>C:\ti\ccsv8\tools\compiler\ti-cgt-arm_5.2.9\lib\</path>
         <kind>archive</kind>
         <file>rtsv7M4_T_le_eabi.lib</file>
         <name>strchr.obj</name>
      </input_file>
      <input_file id="fl-152">
         <path>C:\ti\ccsv8\tools\compiler\ti-cgt-arm_5.2.9\lib\</path>
         <kind>archive</kind>
         <file>rtsv7M4_T_le_eabi.lib</file>
         <name>strcspn.obj</name>
      </input_file>
      <input_file id="fl-153">
         <path>C:\ti\ccsv8\tools\compiler\ti-cgt-arm_5.2.9\lib\</path>
         <kind>archive</kind>
         <file>rtsv7M4_T_le_eabi.lib</file>
         <name>strspn.obj</name>
      </input_file>
      <input_file id="fl-154">
         <path>C:\ti\ccsv8\tools\compiler\ti-cgt-arm_5.2.9\lib\</path>
         <kind>archive</kind>
         <file>rtsv7M4_T_le_eabi.lib</file>
         <name>ull_div_t2.obj</name>
      </input_file>
      <input_file id="fl-155">
         <path>C:\ti\ccsv8\tools\compiler\ti-cgt-arm_5.2.9\lib\</path>
         <kind>archive</kind>
         <file>rtsv7M4_T_le_eabi.lib</file>
         <name>xdscale.obj</name>
      </input_file>
      <input_file id="fl-156">
         <path>C:\ti\ccsv8\tools\compiler\ti-cgt-arm_5.2.9\lib\</path>
         <kind>archive</kind>
         <file>rtsv7M4_T_le_eabi.lib</file>
         <name>xdunscal.obj</name>
      </input_file>
      <input_file id="fl-157">
         <path>C:\ti\ccsv8\tools\compiler\ti-cgt-arm_5.2.9\lib\</path>
         <kind>archive</kind>
         <file>rtsv7M4_T_le_eabi.lib</file>
         <name>xferaise.obj</name>
      </input_file>
      <input_file id="fl-158">
         <path>C:\ti\ccsv8\tools\compiler\ti-cgt-arm_5.2.9\lib\</path>
         <kind>archive</kind>
         <file>rtsv7M4_T_le_eabi.lib</file>
         <name>xvalues.obj</name>
      </input_file>
      <input_file id="fl-159">
         <path>C:\ti\ccsv8\tools\compiler\ti-cgt-arm_5.2.9\lib\</path>
         <kind>archive</kind>
         <file>rtsv7M4_T_le_eabi.lib</file>
         <name>feraiseexcept.obj</name>
      </input_file>
      <input_file id="fl-15a">
         <path>C:\ti\ccsv8\tools\compiler\ti-cgt-arm_5.2.9\lib\</path>
         <kind>archive</kind>
         <file>rtsv7M4_T_le_eabi.lib</file>
         <name>raise.obj</name>
      </input_file>
      <input_file id="fl-15b">
         <path>C:\ti\ccsv8\tools\compiler\ti-cgt-arm_5.2.9\lib\</path>
         <kind>archive</kind>
         <file>rtsv7M4_T_le_eabi.lib</file>
         <name>signal.obj</name>
      </input_file>
      <input_file id="fl-15c">
         <path>C:\ti\ccsv8\tools\compiler\ti-cgt-arm_5.2.9\lib\</path>
         <kind>archive</kind>
         <file>rtsv7M4_T_le_eabi.lib</file>
         <name>xdnorm.obj</name>
      </input_file>
      <input_file id="fl-15d">
         <path>C:\ti\CC3200SDK_1.3.0\cc3200-sdk\simplelink\ccs\NON_OS\</path>
         <kind>archive</kind>
         <file>simplelink.a</file>
         <name>device.obj</name>
      </input_file>
      <input_file id="fl-15e">
         <path>C:\ti\CC3200SDK_1.3.0\cc3200-sdk\simplelink\ccs\NON_OS\</path>
         <kind>archive</kind>
         <file>simplelink.a</file>
         <name>driver.obj</name>
      </input_file>
      <input_file id="fl-15f">
         <path>C:\ti\CC3200SDK_1.3.0\cc3200-sdk\simplelink\ccs\NON_OS\</path>
         <kind>archive</kind>
         <file>simplelink.a</file>
         <name>netapp.obj</name>
      </input_file>
      <input_file id="fl-160">
         <path>C:\ti\CC3200SDK_1.3.0\cc3200-sdk\simplelink\ccs\NON_OS\</path>
         <kind>archive</kind>
         <file>simplelink.a</file>
         <name>netcfg.obj</name>
      </input_file>
      <input_file id="fl-161">
         <path>C:\ti\CC3200SDK_1.3.0\cc3200-sdk\simplelink\ccs\NON_OS\</path>
         <kind>archive</kind>
         <file>simplelink.a</file>
         <name>nonos.obj</name>
      </input_file>
      <input_file id="fl-162">
         <path>C:\ti\CC3200SDK_1.3.0\cc3200-sdk\simplelink\ccs\NON_OS\</path>
         <kind>archive</kind>
         <file>simplelink.a</file>
         <name>socket.obj</name>
      </input_file>
      <input_file id="fl-163">
         <path>C:\ti\CC3200SDK_1.3.0\cc3200-sdk\simplelink\ccs\NON_OS\</path>
         <kind>archive</kind>
         <file>simplelink.a</file>
         <name>wlan.obj</name>
      </input_file>
      <input_file id="fl-164">
         <path>C:\ti\CC3200SDK_1.3.0\cc3200-sdk\simplelink\ccs\NON_OS\</path>
         <kind>archive</kind>
         <file>simplelink.a</file>
         <name>cc_pal.obj</name>
      </input_file>
      <input_file id="fl-165">
         <path>C:\ti\CC3200SDK_1.3.0\cc3200-sdk\driverlib\ccs\Release\</path>
         <kind>archive</kind>
         <file>driverlib.a</file>
         <name>interrupt.obj</name>
      </input_file>
      <input_file id="fl-166">
         <path>C:\ti\CC3200SDK_1.3.0\cc3200-sdk\driverlib\ccs\Release\</path>
         <kind>archive</kind>
         <file>driverlib.a</file>
         <name>pin.obj</name>
      </input_file>
      <input_file id="fl-167">
         <path>C:\ti\CC3200SDK_1.3.0\cc3200-sdk\driverlib\ccs\Release\</path>
         <kind>archive</kind>
         <file>driverlib.a</file>
         <name>prcm.obj</name>
      </input_file>
      <input_file id="fl-168">
         <path>C:\ti\CC3200SDK_1.3.0\cc3200-sdk\driverlib\ccs\Release\</path>
         <kind>archive</kind>
         <file>driverlib.a</file>
         <name>spi.obj</name>
      </input_file>
      <input_file id="fl-169">
         <path>C:\ti\CC3200SDK_1.3.0\cc3200-sdk\driverlib\ccs\Release\</path>
         <kind>archive</kind>
         <file>driverlib.a</file>
         <name>timer.obj</name>
      </input_file>
      <input_file id="fl-16a">
         <path>C:\ti\CC3200SDK_1.3.0\cc3200-sdk\driverlib\ccs\Release\</path>
         <kind>archive</kind>
         <file>driverlib.a</file>
         <name>uart.obj</name>
      </input_file>
      <input_file id="fl-16b">
         <path>C:\ti\CC3200SDK_1.3.0\cc3200-sdk\driverlib\ccs\Release\</path>
         <kind>archive</kind>
         <file>driverlib.a</file>
         <name>udma.obj</name>
      </input_file>
      <input_file id="fl-16c">
         <path>C:\ti\CC3200SDK_1.3.0\cc3200-sdk\driverlib\ccs\Release\</path>
         <kind>archive</kind>
         <file>driverlib.a</file>
         <name>utils.obj</name>
      </input_file>
      <input_file id="fl-16d">
         <path>C:\ti\CC3200SDK_1.3.0\cc3200-sdk\driverlib\ccs\Release\</path>
         <kind>archive</kind>
         <file>driverlib.a</file>
         <name>cpu.obj</name>
      </input_file>
      <input_file id="fl-16e">
         <path>C:\ti\CC3200SDK_1.3.0\cc3200-sdk\driverlib\ccs\Release\</path>
         <kind>archive</kind>
         <file>driverlib.a</file>
         <name>flash.obj</name>
      </input_file>
   </input_file_list>
   <object_component_list>
      <object_component id="oc-f">
         <name>.intvecs</name>
         <load_address>0x20004000</load_address>
         <run_address>0x20004000</run_address>
         <size>0x400</size>
         <input_file_ref idref="fl-6"/>
      </object_component>
      <object_component id="oc-415">
         <name>.text</name>
         <load_address>0x20004400</load_address>
         <run_address>0x20004400</run_address>
         <size>0x10e0</size>
         <input_file_ref idref="fl-140"/>
      </object_component>
      <object_component id="oc-9f">
         <name>.text</name>
         <load_address>0x200054e0</load_address>
         <run_address>0x200054e0</run_address>
         <size>0xb28</size>
         <input_file_ref idref="fl-3"/>
      </object_component>
      <object_component id="oc-67f">
         <name>.text:_SlDrvMsgRead</name>
         <load_address>0x20006008</load_address>
         <run_address>0x20006008</run_address>
         <size>0x590</size>
         <input_file_ref idref="fl-15e"/>
      </object_component>
      <object_component id="oc-20c">
         <name>.text</name>
         <load_address>0x20006598</load_address>
         <run_address>0x20006598</run_address>
         <size>0x3dc</size>
         <input_file_ref idref="fl-137"/>
      </object_component>
      <object_component id="oc-d2">
         <name>.text</name>
         <load_address>0x20006974</load_address>
         <run_address>0x20006974</run_address>
         <size>0x280</size>
         <input_file_ref idref="fl-7"/>
      </object_component>
      <object_component id="oc-186">
         <name>.text:sl_WlanConnect</name>
         <load_address>0x20006bf4</load_address>
         <run_address>0x20006bf4</run_address>
         <size>0x27c</size>
         <input_file_ref idref="fl-163"/>
      </object_component>
      <object_component id="oc-6ff">
         <name>.text:_SlDrvRxHdrRead</name>
         <load_address>0x20006e70</load_address>
         <run_address>0x20006e70</run_address>
         <size>0x24c</size>
         <input_file_ref idref="fl-15e"/>
      </object_component>
      <object_component id="oc-5d6">
         <name>.text</name>
         <load_address>0x200070bc</load_address>
         <run_address>0x200070bc</run_address>
         <size>0x1f4</size>
         <input_file_ref idref="fl-154"/>
      </object_component>
      <object_component id="oc-349">
         <name>.text:_SlDrvDataReadOp</name>
         <load_address>0x200072b0</load_address>
         <run_address>0x200072b0</run_address>
         <size>0x1e4</size>
         <input_file_ref idref="fl-15e"/>
      </object_component>
      <object_component id="oc-25f">
         <name>.text:_SlDrvReleasePoolObj</name>
         <load_address>0x20007494</load_address>
         <run_address>0x20007494</run_address>
         <size>0x1d0</size>
         <input_file_ref idref="fl-15e"/>
      </object_component>
      <object_component id="oc-1a4">
         <name>.text</name>
         <load_address>0x20007664</load_address>
         <run_address>0x20007664</run_address>
         <size>0x1cc</size>
         <input_file_ref idref="fl-8"/>
      </object_component>
      <object_component id="oc-17a">
         <name>.text:sl_Accept</name>
         <load_address>0x20007830</load_address>
         <run_address>0x20007830</run_address>
         <size>0x1bc</size>
         <input_file_ref idref="fl-162"/>
      </object_component>
      <object_component id="oc-5ff">
         <name>.text</name>
         <load_address>0x200079ec</load_address>
         <run_address>0x200079ec</run_address>
         <size>0x1b6</size>
         <input_file_ref idref="fl-147"/>
      </object_component>
      <object_component id="oc-670">
         <name>.text:IntDefaultHandler</name>
         <load_address>0x20007ba2</load_address>
         <run_address>0x20007ba2</run_address>
         <size>0x2</size>
         <input_file_ref idref="fl-165"/>
      </object_component>
      <object_component id="oc-235">
         <name>.text:_SlDrvDriverCBInit</name>
         <load_address>0x20007ba4</load_address>
         <run_address>0x20007ba4</run_address>
         <size>0x1b4</size>
         <input_file_ref idref="fl-15e"/>
      </object_component>
      <object_component id="oc-518">
         <name>.text:_SlDrvMsgWrite</name>
         <load_address>0x20007d58</load_address>
         <run_address>0x20007d58</run_address>
         <size>0x19c</size>
         <input_file_ref idref="fl-15e"/>
      </object_component>
      <object_component id="oc-49f">
         <name>.text:_SlDrvWaitForPoolObj</name>
         <load_address>0x20007ef4</load_address>
         <run_address>0x20007ef4</run_address>
         <size>0x190</size>
         <input_file_ref idref="fl-15e"/>
      </object_component>
      <object_component id="oc-154">
         <name>.text:sl_Connect</name>
         <load_address>0x20008084</load_address>
         <run_address>0x20008084</run_address>
         <size>0x18c</size>
         <input_file_ref idref="fl-162"/>
      </object_component>
      <object_component id="oc-19e">
         <name>.text:PRCMCC3200MCUInit</name>
         <load_address>0x20008210</load_address>
         <run_address>0x20008210</run_address>
         <size>0x178</size>
         <input_file_ref idref="fl-167"/>
      </object_component>
      <object_component id="oc-711">
         <name>.text:_SlFindAndSetActiveObj</name>
         <load_address>0x20008388</load_address>
         <run_address>0x20008388</run_address>
         <size>0x170</size>
         <input_file_ref idref="fl-15e"/>
      </object_component>
      <object_component id="oc-32f">
         <name>.text:_SlDrvDataWriteOp</name>
         <load_address>0x200084f8</load_address>
         <run_address>0x200084f8</run_address>
         <size>0x150</size>
         <input_file_ref idref="fl-15e"/>
      </object_component>
      <object_component id="oc-23b">
         <name>.text:spi_Open</name>
         <load_address>0x20008648</load_address>
         <run_address>0x20008648</run_address>
         <size>0x148</size>
         <input_file_ref idref="fl-164"/>
      </object_component>
      <object_component id="oc-51e">
         <name>.text:_SlDrvMsgReadCmdCtx</name>
         <load_address>0x20008790</load_address>
         <run_address>0x20008790</run_address>
         <size>0x144</size>
         <input_file_ref idref="fl-15e"/>
      </object_component>
      <object_component id="oc-5e5">
         <name>.text</name>
         <load_address>0x200088d4</load_address>
         <run_address>0x200088d4</run_address>
         <size>0x136</size>
         <input_file_ref idref="fl-149"/>
      </object_component>
      <object_component id="oc-160">
         <name>.text:sl_Send</name>
         <load_address>0x20008a0c</load_address>
         <run_address>0x20008a0c</run_address>
         <size>0x134</size>
         <input_file_ref idref="fl-162"/>
      </object_component>
      <object_component id="oc-2a4">
         <name>.text:_SlDrvDriverCBDeinit</name>
         <load_address>0x20008b40</load_address>
         <run_address>0x20008b40</run_address>
         <size>0x130</size>
         <input_file_ref idref="fl-15e"/>
      </object_component>
      <object_component id="oc-136">
         <name>.text</name>
         <load_address>0x20008c70</load_address>
         <run_address>0x20008c70</run_address>
         <size>0x114</size>
         <input_file_ref idref="fl-13d"/>
      </object_component>
      <object_component id="oc-6d4">
         <name>.text</name>
         <load_address>0x20008d84</load_address>
         <run_address>0x20008d84</run_address>
         <size>0x110</size>
         <input_file_ref idref="fl-155"/>
      </object_component>
      <object_component id="oc-778">
         <name>.text:_SlDrvNetAppEventHandler</name>
         <load_address>0x20008e94</load_address>
         <run_address>0x20008e94</run_address>
         <size>0x104</size>
         <input_file_ref idref="fl-15f"/>
      </object_component>
      <object_component id="oc-5e0">
         <name>.text</name>
         <load_address>0x20008f98</load_address>
         <run_address>0x20008f98</run_address>
         <size>0xfc</size>
         <input_file_ref idref="fl-14a"/>
      </object_component>
      <object_component id="oc-f3">
         <name>.text:sl_Stop</name>
         <load_address>0x20009094</load_address>
         <run_address>0x20009094</run_address>
         <size>0xf0</size>
         <input_file_ref idref="fl-15d"/>
      </object_component>
      <object_component id="oc-70b">
         <name>.text:spi_Read</name>
         <load_address>0x20009184</load_address>
         <run_address>0x20009184</run_address>
         <size>0xf0</size>
         <input_file_ref idref="fl-164"/>
      </object_component>
      <object_component id="oc-3e2">
         <name>.text:uDMAChannelTransferSet</name>
         <load_address>0x20009274</load_address>
         <run_address>0x20009274</run_address>
         <size>0xf0</size>
         <input_file_ref idref="fl-16b"/>
      </object_component>
      <object_component id="oc-e1">
         <name>.text:sl_Start</name>
         <load_address>0x20009364</load_address>
         <run_address>0x20009364</run_address>
         <size>0xec</size>
         <input_file_ref idref="fl-15d"/>
      </object_component>
      <object_component id="oc-685">
         <name>.text:_SlAsyncEventGenericHandler</name>
         <load_address>0x20009450</load_address>
         <run_address>0x20009450</run_address>
         <size>0xe8</size>
         <input_file_ref idref="fl-15e"/>
      </object_component>
      <object_component id="oc-4ff">
         <name>.text:_SlDrvMsgReadSpawnCtx</name>
         <load_address>0x20009538</load_address>
         <run_address>0x20009538</run_address>
         <size>0xe8</size>
         <input_file_ref idref="fl-15e"/>
      </object_component>
      <object_component id="oc-2df">
         <name>.text:sl_NetAppMDNSRegisterUnregisterService</name>
         <load_address>0x20009620</load_address>
         <run_address>0x20009620</run_address>
         <size>0xe4</size>
         <input_file_ref idref="fl-15f"/>
      </object_component>
      <object_component id="oc-705">
         <name>.text:_SlDrvClassifyRxMsg</name>
         <load_address>0x20009704</load_address>
         <run_address>0x20009704</run_address>
         <size>0xdc</size>
         <input_file_ref idref="fl-15e"/>
      </object_component>
      <object_component id="oc-7eb">
         <name>.text:_sl_HandleAsync_DnsGetHostByService</name>
         <load_address>0x200097e0</load_address>
         <run_address>0x200097e0</run_address>
         <size>0xcc</size>
         <input_file_ref idref="fl-15f"/>
      </object_component>
      <object_component id="oc-f9">
         <name>.text:sl_DevGet</name>
         <load_address>0x200098ac</load_address>
         <run_address>0x200098ac</run_address>
         <size>0xcc</size>
         <input_file_ref idref="fl-15d"/>
      </object_component>
      <object_component id="oc-4da">
         <name>.text:_SlRemoveFromList</name>
         <load_address>0x20009978</load_address>
         <run_address>0x20009978</run_address>
         <size>0xc4</size>
         <input_file_ref idref="fl-15e"/>
      </object_component>
      <object_component id="oc-288">
         <name>.text:_SlDrvCmdOp</name>
         <load_address>0x20009a3c</load_address>
         <run_address>0x20009a3c</run_address>
         <size>0xc0</size>
         <input_file_ref idref="fl-15e"/>
      </object_component>
      <object_component id="oc-740">
         <name>.text</name>
         <load_address>0x20009afc</load_address>
         <run_address>0x20009afc</run_address>
         <size>0xbe</size>
         <input_file_ref idref="fl-15c"/>
      </object_component>
      <object_component id="oc-168">
         <name>.text:sl_Bind</name>
         <load_address>0x20009bbc</load_address>
         <run_address>0x20009bbc</run_address>
         <size>0xb8</size>
         <input_file_ref idref="fl-162"/>
      </object_component>
      <object_component id="oc-439">
         <name>.text:_SlNonOsSemGet</name>
         <load_address>0x20009c74</load_address>
         <run_address>0x20009c74</run_address>
         <size>0xb0</size>
         <input_file_ref idref="fl-161"/>
      </object_component>
      <object_component id="oc-4b9">
         <name>.text:IntDisable</name>
         <load_address>0x20009d24</load_address>
         <run_address>0x20009d24</run_address>
         <size>0xa8</size>
         <input_file_ref idref="fl-165"/>
      </object_component>
      <object_component id="oc-198">
         <name>.text:IntEnable</name>
         <load_address>0x20009dcc</load_address>
         <run_address>0x20009dcc</run_address>
         <size>0xa8</size>
         <input_file_ref idref="fl-165"/>
      </object_component>
      <object_component id="oc-4d3">
         <name>.text:_SlDriverHandleError</name>
         <load_address>0x20009e74</load_address>
         <run_address>0x20009e74</run_address>
         <size>0xa4</size>
         <input_file_ref idref="fl-15e"/>
      </object_component>
      <object_component id="oc-456">
         <name>.text:SPIConfigSetExpClk</name>
         <load_address>0x20009f18</load_address>
         <run_address>0x20009f18</run_address>
         <size>0xa0</size>
         <input_file_ref idref="fl-168"/>
      </object_component>
      <object_component id="oc-180">
         <name>.text:sl_Recv</name>
         <load_address>0x20009fb8</load_address>
         <run_address>0x20009fb8</run_address>
         <size>0xa0</size>
         <input_file_ref idref="fl-162"/>
      </object_component>
      <object_component id="oc-36">
         <name>.text</name>
         <load_address>0x2000a058</load_address>
         <run_address>0x2000a058</run_address>
         <size>0x9c</size>
         <input_file_ref idref="fl-135"/>
      </object_component>
      <object_component id="oc-7dd">
         <name>.text:_SlDrvDeviceEventHandler</name>
         <load_address>0x2000a0f4</load_address>
         <run_address>0x2000a0f4</run_address>
         <size>0x9a</size>
         <input_file_ref idref="fl-15d"/>
      </object_component>
      <object_component id="oc-111">
         <name>.text:sl_NetCfgSet</name>
         <load_address>0x2000a190</load_address>
         <run_address>0x2000a190</run_address>
         <size>0x98</size>
         <input_file_ref idref="fl-160"/>
      </object_component>
      <object_component id="oc-174">
         <name>.text:sl_SetSockOpt</name>
         <load_address>0x2000a228</load_address>
         <run_address>0x2000a228</run_address>
         <size>0x98</size>
         <input_file_ref idref="fl-162"/>
      </object_component>
      <object_component id="oc-117">
         <name>.text:sl_WlanSet</name>
         <load_address>0x2000a2c0</load_address>
         <run_address>0x2000a2c0</run_address>
         <size>0x98</size>
         <input_file_ref idref="fl-163"/>
      </object_component>
      <object_component id="oc-68e">
         <name>.text:spi_Write</name>
         <load_address>0x2000a358</load_address>
         <run_address>0x2000a358</run_address>
         <size>0x98</size>
         <input_file_ref idref="fl-164"/>
      </object_component>
      <object_component id="oc-1e2">
         <name>.text:PRCMPeripheralClockGet</name>
         <load_address>0x2000a3f0</load_address>
         <run_address>0x2000a3f0</run_address>
         <size>0x94</size>
         <input_file_ref idref="fl-167"/>
      </object_component>
      <object_component id="oc-7e5">
         <name>.text:_sl_HandleAsync_DnsGetHostByName</name>
         <load_address>0x2000a484</load_address>
         <run_address>0x2000a484</run_address>
         <size>0x90</size>
         <input_file_ref idref="fl-15f"/>
      </object_component>
      <object_component id="oc-77e">
         <name>.text:_sl_HandleAsync_PingResponse</name>
         <load_address>0x2000a514</load_address>
         <run_address>0x2000a514</run_address>
         <size>0x90</size>
         <input_file_ref idref="fl-15f"/>
      </object_component>
      <object_component id="oc-ff">
         <name>.text:sl_WlanPolicySet</name>
         <load_address>0x2000a5a4</load_address>
         <run_address>0x2000a5a4</run_address>
         <size>0x90</size>
         <input_file_ref idref="fl-163"/>
      </object_component>
      <object_component id="oc-785">
         <name>.text:SetupDMAReceive</name>
         <load_address>0x2000a634</load_address>
         <run_address>0x2000a634</run_address>
         <size>0x8c</size>
         <input_file_ref idref="fl-164"/>
      </object_component>
      <object_component id="oc-71c">
         <name>.text:SetupDMASend</name>
         <load_address>0x2000a6c0</load_address>
         <run_address>0x2000a6c0</run_address>
         <size>0x8c</size>
         <input_file_ref idref="fl-164"/>
      </object_component>
      <object_component id="oc-63d">
         <name>.text:_SlDrvIsTimeoutExpired</name>
         <load_address>0x2000a74c</load_address>
         <run_address>0x2000a74c</run_address>
         <size>0x8c</size>
         <input_file_ref idref="fl-15e"/>
      </object_component>
      <object_component id="oc-839">
         <name>.text:_sl_HandleAsync_InitComplete</name>
         <load_address>0x2000a7d8</load_address>
         <run_address>0x2000a7d8</run_address>
         <size>0x8c</size>
         <input_file_ref idref="fl-15d"/>
      </object_component>
      <object_component id="oc-14e">
         <name>.text:sl_Socket</name>
         <load_address>0x2000a864</load_address>
         <run_address>0x2000a864</run_address>
         <size>0x8c</size>
         <input_file_ref idref="fl-162"/>
      </object_component>
      <object_component id="oc-5cd">
         <name>.text:PinConfigSet</name>
         <load_address>0x2000a8f0</load_address>
         <run_address>0x2000a8f0</run_address>
         <size>0x88</size>
         <input_file_ref idref="fl-166"/>
      </object_component>
      <object_component id="oc-1ee">
         <name>.text</name>
         <load_address>0x2000a978</load_address>
         <run_address>0x2000a978</run_address>
         <size>0x88</size>
         <input_file_ref idref="fl-13e"/>
      </object_component>
      <object_component id="oc-5db">
         <name>.text:__aeabi_cdcmple</name>
         <load_address>0x2000aa00</load_address>
         <run_address>0x2000aa00</run_address>
         <size>0x86</size>
         <input_file_ref idref="fl-148"/>
      </object_component>
      <object_component id="oc-5ea">
         <name>.text:__aeabi_cdrcmple</name>
         <load_address>0x2000aa86</load_address>
         <run_address>0x2000aa86</run_address>
         <size>0x86</size>
         <input_file_ref idref="fl-148"/>
      </object_component>
      <object_component id="oc-123">
         <name>.text:sl_WlanRxFilterSet</name>
         <load_address>0x2000ab0c</load_address>
         <run_address>0x2000ab0c</run_address>
         <size>0x84</size>
         <input_file_ref idref="fl-163"/>
      </object_component>
      <object_component id="oc-80d">
         <name>.text:_sl_HandleAsync_Connect</name>
         <load_address>0x2000ab90</load_address>
         <run_address>0x2000ab90</run_address>
         <size>0x80</size>
         <input_file_ref idref="fl-162"/>
      </object_component>
      <object_component id="oc-78b">
         <name>.text:spi_Read_CPU</name>
         <load_address>0x2000ac10</load_address>
         <run_address>0x2000ac10</run_address>
         <size>0x80</size>
         <input_file_ref idref="fl-164"/>
      </object_component>
      <object_component id="oc-72e">
         <name>.text:spi_Write_CPU</name>
         <load_address>0x2000ac90</load_address>
         <run_address>0x2000ac90</run_address>
         <size>0x80</size>
         <input_file_ref idref="fl-164"/>
      </object_component>
      <object_component id="oc-4f">
         <name>.text</name>
         <load_address>0x2000ad10</load_address>
         <run_address>0x2000ad10</run_address>
         <size>0x7a</size>
         <input_file_ref idref="fl-138"/>
      </object_component>
      <object_component id="oc-29e">
         <name>.text:spi_Close</name>
         <load_address>0x2000ad8c</load_address>
         <run_address>0x2000ad8c</run_address>
         <size>0x78</size>
         <input_file_ref idref="fl-164"/>
      </object_component>
      <object_component id="oc-1e8">
         <name>.text:UARTConfigSetExpClk</name>
         <load_address>0x2000ae04</load_address>
         <run_address>0x2000ae04</run_address>
         <size>0x76</size>
         <input_file_ref idref="fl-16a"/>
      </object_component>
      <object_component id="oc-e7">
         <name>.text:_SlNonOsMainLoopTask</name>
         <load_address>0x2000ae7c</load_address>
         <run_address>0x2000ae7c</run_address>
         <size>0x74</size>
         <input_file_ref idref="fl-161"/>
      </object_component>
      <object_component id="oc-843">
         <name>.text:_SlDrvCmdSend</name>
         <load_address>0x2000aef0</load_address>
         <run_address>0x2000aef0</run_address>
         <size>0x6c</size>
         <input_file_ref idref="fl-15e"/>
      </object_component>
      <object_component id="oc-7f7">
         <name>.text:_sl_NetAppSendTokenValue</name>
         <load_address>0x2000af5c</load_address>
         <run_address>0x2000af5c</run_address>
         <size>0x6c</size>
         <input_file_ref idref="fl-15f"/>
      </object_component>
      <object_component id="oc-61">
         <name>.text</name>
         <load_address>0x2000afc8</load_address>
         <run_address>0x2000afc8</run_address>
         <size>0x6c</size>
         <input_file_ref idref="fl-143"/>
      </object_component>
      <object_component id="oc-16e">
         <name>.text:sl_Listen</name>
         <load_address>0x2000b034</load_address>
         <run_address>0x2000b034</run_address>
         <size>0x6c</size>
         <input_file_ref idref="fl-162"/>
      </object_component>
      <object_component id="oc-42">
         <name>.text</name>
         <load_address>0x2000b0a0</load_address>
         <run_address>0x2000b0a0</run_address>
         <size>0x6a</size>
         <input_file_ref idref="fl-132"/>
      </object_component>
      <object_component id="oc-6cc">
         <name>.text</name>
         <load_address>0x2000b10a</load_address>
         <run_address>0x2000b10a</run_address>
         <size>0x66</size>
         <input_file_ref idref="fl-156"/>
      </object_component>
      <object_component id="oc-4f9">
         <name>.text:_SlNonOsSpawn</name>
         <load_address>0x2000b170</load_address>
         <run_address>0x2000b170</run_address>
         <size>0x64</size>
         <input_file_ref idref="fl-161"/>
      </object_component>
      <object_component id="oc-807">
         <name>.text:_sl_HandleAsync_Accept</name>
         <load_address>0x2000b1d4</load_address>
         <run_address>0x2000b1d4</run_address>
         <size>0x64</size>
         <input_file_ref idref="fl-162"/>
      </object_component>
      <object_component id="oc-11d">
         <name>.text:sl_NetAppMDNSUnRegisterService</name>
         <load_address>0x2000b238</load_address>
         <run_address>0x2000b238</run_address>
         <size>0x64</size>
         <input_file_ref idref="fl-15f"/>
      </object_component>
      <object_component id="oc-3b8">
         <name>.text:uDMAChannelAttributeDisable</name>
         <load_address>0x2000b29c</load_address>
         <run_address>0x2000b29c</run_address>
         <size>0x64</size>
         <input_file_ref idref="fl-16b"/>
      </object_component>
      <object_component id="oc-3dc">
         <name>.text:uDMAChannelAttributeEnable</name>
         <load_address>0x2000b300</load_address>
         <run_address>0x2000b300</run_address>
         <size>0x64</size>
         <input_file_ref idref="fl-16b"/>
      </object_component>
      <object_component id="oc-15a">
         <name>.text:sl_Close</name>
         <load_address>0x2000b364</load_address>
         <run_address>0x2000b364</run_address>
         <size>0x60</size>
         <input_file_ref idref="fl-162"/>
      </object_component>
      <object_component id="oc-105">
         <name>.text:sl_WlanProfileDel</name>
         <load_address>0x2000b3c4</load_address>
         <run_address>0x2000b3c4</run_address>
         <size>0x60</size>
         <input_file_ref idref="fl-163"/>
      </object_component>
      <object_component id="oc-ed">
         <name>.text:sl_WlanSetMode</name>
         <load_address>0x2000b424</load_address>
         <run_address>0x2000b424</run_address>
         <size>0x60</size>
         <input_file_ref idref="fl-163"/>
      </object_component>
      <object_component id="oc-4c5">
         <name>.text:IntPendClear</name>
         <load_address>0x2000b484</load_address>
         <run_address>0x2000b484</run_address>
         <size>0x58</size>
         <input_file_ref idref="fl-165"/>
      </object_component>
      <object_component id="oc-381">
         <name>.text:PRCMPeripheralReset</name>
         <load_address>0x2000b4dc</load_address>
         <run_address>0x2000b4dc</run_address>
         <size>0x58</size>
         <input_file_ref idref="fl-167"/>
      </object_component>
      <object_component id="oc-39a">
         <name>.text:IntPrioritySet</name>
         <load_address>0x2000b534</load_address>
         <run_address>0x2000b534</run_address>
         <size>0x54</size>
         <input_file_ref idref="fl-165"/>
      </object_component>
      <object_component id="oc-271">
         <name>.text:_SlDrvRxIrqHandler</name>
         <load_address>0x2000b588</load_address>
         <run_address>0x2000b588</run_address>
         <size>0x54</size>
         <input_file_ref idref="fl-15e"/>
      </object_component>
      <object_component id="oc-813">
         <name>.text:_sl_HandleAsync_Select</name>
         <load_address>0x2000b5dc</load_address>
         <run_address>0x2000b5dc</run_address>
         <size>0x54</size>
         <input_file_ref idref="fl-162"/>
      </object_component>
      <object_component id="oc-5f4">
         <name>.text</name>
         <load_address>0x2000b630</load_address>
         <run_address>0x2000b630</run_address>
         <size>0x54</size>
         <input_file_ref idref="fl-14f"/>
      </object_component>
      <object_component id="oc-819">
         <name>.text:_sl_HandleAsync_Stop</name>
         <load_address>0x2000b684</load_address>
         <run_address>0x2000b684</run_address>
         <size>0x50</size>
         <input_file_ref idref="fl-15d"/>
      </object_component>
      <object_component id="oc-480">
         <name>.text:SPIIntEnable</name>
         <load_address>0x2000b6d4</load_address>
         <run_address>0x2000b6d4</run_address>
         <size>0x4c</size>
         <input_file_ref idref="fl-168"/>
      </object_component>
      <object_component id="oc-699">
         <name>.text:SPIIntNumberGet</name>
         <load_address>0x2000b720</load_address>
         <run_address>0x2000b720</run_address>
         <size>0x4c</size>
         <input_file_ref idref="fl-168"/>
      </object_component>
      <object_component id="oc-241">
         <name>.text:_SlDrvProtectAsyncRespSetting</name>
         <load_address>0x2000b76c</load_address>
         <run_address>0x2000b76c</run_address>
         <size>0x4c</size>
         <input_file_ref idref="fl-15e"/>
      </object_component>
      <object_component id="oc-315">
         <name>.text:_sl_BuildAddress</name>
         <load_address>0x2000b7b8</load_address>
         <run_address>0x2000b7b8</run_address>
         <size>0x4c</size>
         <input_file_ref idref="fl-162"/>
      </object_component>
      <object_component id="oc-61c">
         <name>.text</name>
         <load_address>0x2000b804</load_address>
         <run_address>0x2000b804</run_address>
         <size>0x4c</size>
         <input_file_ref idref="fl-142"/>
      </object_component>
      <object_component id="oc-97">
         <name>.text</name>
         <load_address>0x2000b850</load_address>
         <run_address>0x2000b850</run_address>
         <size>0x4c</size>
         <input_file_ref idref="fl-144"/>
      </object_component>
      <object_component id="oc-3b2">
         <name>.text:uDMAChannelAssign</name>
         <load_address>0x2000b89c</load_address>
         <run_address>0x2000b89c</run_address>
         <size>0x4c</size>
         <input_file_ref idref="fl-16b"/>
      </object_component>
      <object_component id="oc-664">
         <name>.text:SPIIntClear</name>
         <load_address>0x2000b8e8</load_address>
         <run_address>0x2000b8e8</run_address>
         <size>0x48</size>
         <input_file_ref idref="fl-168"/>
      </object_component>
      <object_component id="oc-2ca">
         <name>.text:_SlDrvBasicCmd</name>
         <load_address>0x2000b930</load_address>
         <run_address>0x2000b930</run_address>
         <size>0x48</size>
         <input_file_ref idref="fl-15e"/>
      </object_component>
      <object_component id="oc-5ef">
         <name>.text</name>
         <load_address>0x2000b978</load_address>
         <run_address>0x2000b978</run_address>
         <size>0x48</size>
         <input_file_ref idref="fl-14b"/>
      </object_component>
      <object_component id="oc-60a">
         <name>.text</name>
         <load_address>0x2000b9c0</load_address>
         <run_address>0x2000b9c0</run_address>
         <size>0x46</size>
         <input_file_ref idref="fl-14e"/>
      </object_component>
      <object_component id="oc-653">
         <name>.text:SPIDmaMaskGet</name>
         <load_address>0x2000ba08</load_address>
         <run_address>0x2000ba08</run_address>
         <size>0x44</size>
         <input_file_ref idref="fl-168"/>
      </object_component>
      <object_component id="oc-7bd">
         <name>.text:TimerConfigure</name>
         <load_address>0x2000ba4c</load_address>
         <run_address>0x2000ba4c</run_address>
         <size>0x44</size>
         <input_file_ref idref="fl-169"/>
      </object_component>
      <object_component id="oc-259">
         <name>.text:_SlDrvSyncObjWaitTimeout</name>
         <load_address>0x2000ba90</load_address>
         <run_address>0x2000ba90</run_address>
         <size>0x44</size>
         <input_file_ref idref="fl-15e"/>
      </object_component>
      <object_component id="oc-798">
         <name>.text:cc_SetupTransfer</name>
         <load_address>0x2000bad4</load_address>
         <run_address>0x2000bad4</run_address>
         <size>0x44</size>
         <input_file_ref idref="fl-164"/>
      </object_component>
      <object_component id="oc-6d">
         <name>.text</name>
         <load_address>0x2000bb18</load_address>
         <run_address>0x2000bb18</run_address>
         <size>0x44</size>
         <input_file_ref idref="fl-134"/>
      </object_component>
      <object_component id="oc-148">
         <name>.text:sl_Htonl</name>
         <load_address>0x2000bb5c</load_address>
         <run_address>0x2000bb5c</run_address>
         <size>0x42</size>
         <input_file_ref idref="fl-162"/>
      </object_component>
      <object_component id="oc-5c7">
         <name>.text:PinModeSet</name>
         <load_address>0x2000bba0</load_address>
         <run_address>0x2000bba0</run_address>
         <size>0x40</size>
         <input_file_ref idref="fl-166"/>
      </object_component>
      <object_component id="oc-329">
         <name>.text:_sl_TruncatePayloadByProtocol</name>
         <load_address>0x2000bbe0</load_address>
         <run_address>0x2000bbe0</run_address>
         <size>0x40</size>
         <input_file_ref idref="fl-162"/>
      </object_component>
      <object_component id="oc-824">
         <name>.text</name>
         <load_address>0x2000bc20</load_address>
         <run_address>0x2000bc20</run_address>
         <size>0x40</size>
         <input_file_ref idref="fl-15b"/>
      </object_component>
      <object_component id="oc-130">
         <name>.text</name>
         <load_address>0x2000bc60</load_address>
         <run_address>0x2000bc60</run_address>
         <size>0x40</size>
         <input_file_ref idref="fl-13c"/>
      </object_component>
      <object_component id="oc-24d">
         <name>.text:NwpRegisterInterruptHandler</name>
         <load_address>0x2000bca0</load_address>
         <run_address>0x2000bca0</run_address>
         <size>0x3e</size>
         <input_file_ref idref="fl-164"/>
      </object_component>
      <object_component id="oc-7fe">
         <name>.text:CopyPingResultsToReport</name>
         <load_address>0x2000bcde</load_address>
         <run_address>0x2000bcde</run_address>
         <size>0x3c</size>
         <input_file_ref idref="fl-15f"/>
      </object_component>
      <object_component id="oc-37b">
         <name>.text:PRCMPeripheralClkEnable</name>
         <load_address>0x2000bd1c</load_address>
         <run_address>0x2000bd1c</run_address>
         <size>0x3c</size>
         <input_file_ref idref="fl-167"/>
      </object_component>
      <object_component id="oc-24">
         <name>.text</name>
         <load_address>0x2000bd58</load_address>
         <run_address>0x2000bd58</run_address>
         <size>0x3c</size>
         <input_file_ref idref="fl-130"/>
      </object_component>
      <object_component id="oc-75e">
         <name>.text:simplelink_timerA2_start</name>
         <load_address>0x2000bd94</load_address>
         <run_address>0x2000bd94</run_address>
         <size>0x3c</size>
         <input_file_ref idref="fl-164"/>
      </object_component>
      <object_component id="oc-142">
         <name>.text:sl_Htons</name>
         <load_address>0x2000bdd0</load_address>
         <run_address>0x2000bdd0</run_address>
         <size>0x3c</size>
         <input_file_ref idref="fl-162"/>
      </object_component>
      <object_component id="oc-3d6">
         <name>.text:uDMAChannelControlSet</name>
         <load_address>0x2000be0c</load_address>
         <run_address>0x2000be0c</run_address>
         <size>0x3c</size>
         <input_file_ref idref="fl-16b"/>
      </object_component>
      <object_component id="oc-247">
         <name>.text:NwpPowerOff</name>
         <load_address>0x2000be48</load_address>
         <run_address>0x2000be48</run_address>
         <size>0x38</size>
         <input_file_ref idref="fl-164"/>
      </object_component>
      <object_component id="oc-10b">
         <name>.text:sl_WlanDisconnect</name>
         <load_address>0x2000be80</load_address>
         <run_address>0x2000be80</run_address>
         <size>0x38</size>
         <input_file_ref idref="fl-163"/>
      </object_component>
      <object_component id="oc-45c">
         <name>.text:PRCMPeripheralStatusGet</name>
         <load_address>0x2000beb8</load_address>
         <run_address>0x2000beb8</run_address>
         <size>0x34</size>
         <input_file_ref idref="fl-167"/>
      </object_component>
      <object_component id="oc-474">
         <name>.text:SPIFIFOLevelSet</name>
         <load_address>0x2000beec</load_address>
         <run_address>0x2000beec</run_address>
         <size>0x34</size>
         <input_file_ref idref="fl-168"/>
      </object_component>
      <object_component id="oc-74f">
         <name>.text</name>
         <load_address>0x2000bf20</load_address>
         <run_address>0x2000bf20</run_address>
         <size>0x34</size>
         <input_file_ref idref="fl-159"/>
      </object_component>
      <object_component id="oc-408">
         <name>.text:UARTDisable</name>
         <load_address>0x2000bf54</load_address>
         <run_address>0x2000bf54</run_address>
         <size>0x30</size>
         <input_file_ref idref="fl-16a"/>
      </object_component>
      <object_component id="oc-6da">
         <name>.text</name>
         <load_address>0x2000bf84</load_address>
         <run_address>0x2000bf84</run_address>
         <size>0x30</size>
         <input_file_ref idref="fl-157"/>
      </object_component>
      <object_component id="oc-5fa">
         <name>.text</name>
         <load_address>0x2000bfb4</load_address>
         <run_address>0x2000bfb4</run_address>
         <size>0x2e</size>
         <input_file_ref idref="fl-14d"/>
      </object_component>
      <object_component id="oc-7b3">
         <name>.text</name>
         <load_address>0x2000bfe2</load_address>
         <run_address>0x2000bfe2</run_address>
         <size>0x2e</size>
         <input_file_ref idref="fl-15a"/>
      </object_component>
      <object_component id="oc-253">
         <name>.text:NwpPowerOn</name>
         <load_address>0x2000c010</load_address>
         <run_address>0x2000c010</run_address>
         <size>0x2c</size>
         <input_file_ref idref="fl-164"/>
      </object_component>
      <object_component id="oc-369">
         <name>.text:PRCMSysResetCauseGet</name>
         <load_address>0x2000c03c</load_address>
         <run_address>0x2000c03c</run_address>
         <size>0x2c</size>
         <input_file_ref idref="fl-167"/>
      </object_component>
      <object_component id="oc-50c">
         <name>.text:_SlDrvObjGlobalLockWaitForever</name>
         <load_address>0x2000c068</load_address>
         <run_address>0x2000c068</run_address>
         <size>0x2c</size>
         <input_file_ref idref="fl-15e"/>
      </object_component>
      <object_component id="oc-4a5">
         <name>.text:_SlDrvProtectionObjLockWaitForever</name>
         <load_address>0x2000c094</load_address>
         <run_address>0x2000c094</run_address>
         <size>0x2c</size>
         <input_file_ref idref="fl-15e"/>
      </object_component>
      <object_component id="oc-7c9">
         <name>.text:TimerLoadSet</name>
         <load_address>0x2000c0c0</load_address>
         <run_address>0x2000c0c0</run_address>
         <size>0x2a</size>
         <input_file_ref idref="fl-169"/>
      </object_component>
      <object_component id="oc-7c3">
         <name>.text:TimerPrescaleSet</name>
         <load_address>0x2000c0ea</load_address>
         <run_address>0x2000c0ea</run_address>
         <size>0x2a</size>
         <input_file_ref idref="fl-169"/>
      </object_component>
      <object_component id="oc-2ef">
         <name>.text</name>
         <load_address>0x2000c114</load_address>
         <run_address>0x2000c114</run_address>
         <size>0x2a</size>
         <input_file_ref idref="fl-153"/>
      </object_component>
      <object_component id="oc-387">
         <name>.text:PRCMPeripheralClkDisable</name>
         <load_address>0x2000c140</load_address>
         <run_address>0x2000c140</run_address>
         <size>0x28</size>
         <input_file_ref idref="fl-167"/>
      </object_component>
      <object_component id="oc-512">
         <name>.text:_SlDrvGlobalObjUnLock</name>
         <load_address>0x2000c168</load_address>
         <run_address>0x2000c168</run_address>
         <size>0x28</size>
         <input_file_ref idref="fl-15e"/>
      </object_component>
      <object_component id="oc-4ab">
         <name>.text:_SlDrvProtectionObjUnLock</name>
         <load_address>0x2000c190</load_address>
         <run_address>0x2000c190</run_address>
         <size>0x28</size>
         <input_file_ref idref="fl-15e"/>
      </object_component>
      <object_component id="oc-31b">
         <name>.text:_SlDrvSyncObjWaitForever</name>
         <load_address>0x2000c1b8</load_address>
         <run_address>0x2000c1b8</run_address>
         <size>0x28</size>
         <input_file_ref idref="fl-15e"/>
      </object_component>
      <object_component id="oc-578">
         <name>.text:_SlDrvObjLockWaitForever</name>
         <load_address>0x2000c1e0</load_address>
         <run_address>0x2000c1e0</run_address>
         <size>0x26</size>
         <input_file_ref idref="fl-15e"/>
      </object_component>
      <object_component id="oc-492">
         <name>.text:DmaSpiSwIntHandler</name>
         <load_address>0x2000c208</load_address>
         <run_address>0x2000c208</run_address>
         <size>0x24</size>
         <input_file_ref idref="fl-164"/>
      </object_component>
      <object_component id="oc-4bf">
         <name>.text:IntUnregister</name>
         <load_address>0x2000c22c</load_address>
         <run_address>0x2000c22c</run_address>
         <size>0x24</size>
         <input_file_ref idref="fl-165"/>
      </object_component>
      <object_component id="oc-40e">
         <name>.text:UARTEnable</name>
         <load_address>0x2000c250</load_address>
         <run_address>0x2000c250</run_address>
         <size>0x24</size>
         <input_file_ref idref="fl-16a"/>
      </object_component>
      <object_component id="oc-206">
         <name>.text</name>
         <load_address>0x2000c274</load_address>
         <run_address>0x2000c274</run_address>
         <size>0x24</size>
         <input_file_ref idref="fl-136"/>
      </object_component>
      <object_component id="oc-2f5">
         <name>.text</name>
         <load_address>0x2000c298</load_address>
         <run_address>0x2000c298</run_address>
         <size>0x24</size>
         <input_file_ref idref="fl-152"/>
      </object_component>
      <object_component id="oc-450">
         <name>.text:SPIReset</name>
         <load_address>0x2000c2bc</load_address>
         <run_address>0x2000c2bc</run_address>
         <size>0x22</size>
         <input_file_ref idref="fl-168"/>
      </object_component>
      <object_component id="oc-728">
         <name>.text:SPIWordCountSet</name>
         <load_address>0x2000c2de</load_address>
         <run_address>0x2000c2de</run_address>
         <size>0x22</size>
         <input_file_ref idref="fl-168"/>
      </object_component>
      <object_component id="oc-604">
         <name>.text</name>
         <load_address>0x2000c300</load_address>
         <run_address>0x2000c300</run_address>
         <size>0x22</size>
         <input_file_ref idref="fl-14c"/>
      </object_component>
      <object_component id="oc-47a">
         <name>.text:IntRegister</name>
         <load_address>0x2000c324</load_address>
         <run_address>0x2000c324</run_address>
         <size>0x20</size>
         <input_file_ref idref="fl-165"/>
      </object_component>
      <object_component id="oc-298">
         <name>.text:NwpPrePowerOffTimout0</name>
         <load_address>0x2000c344</load_address>
         <run_address>0x2000c344</run_address>
         <size>0x20</size>
         <input_file_ref idref="fl-164"/>
      </object_component>
      <object_component id="oc-6ef">
         <name>.text:TimerGetCurrentTimestamp</name>
         <load_address>0x2000c364</load_address>
         <run_address>0x2000c364</run_address>
         <size>0x20</size>
         <input_file_ref idref="fl-164"/>
      </object_component>
      <object_component id="oc-57e">
         <name>.text:_SlDrvObjUnLock</name>
         <load_address>0x2000c384</load_address>
         <run_address>0x2000c384</run_address>
         <size>0x20</size>
         <input_file_ref idref="fl-15e"/>
      </object_component>
      <object_component id="oc-4e0">
         <name>.text:_SlDrvSyncObjSignal</name>
         <load_address>0x2000c3a4</load_address>
         <run_address>0x2000c3a4</run_address>
         <size>0x20</size>
         <input_file_ref idref="fl-15e"/>
      </object_component>
      <object_component id="oc-7cf">
         <name>.text:TimerEnable</name>
         <load_address>0x2000c3c4</load_address>
         <run_address>0x2000c3c4</run_address>
         <size>0x1e</size>
         <input_file_ref idref="fl-169"/>
      </object_component>
      <object_component id="oc-cc">
         <name>.text:UARTCharPut</name>
         <load_address>0x2000c3e2</load_address>
         <run_address>0x2000c3e2</run_address>
         <size>0x1e</size>
         <input_file_ref idref="fl-16a"/>
      </object_component>
      <object_component id="oc-462">
         <name>.text:cc_UDMAChannelSelect</name>
         <load_address>0x2000c400</load_address>
         <run_address>0x2000c400</run_address>
         <size>0x1e</size>
         <input_file_ref idref="fl-164"/>
      </object_component>
      <object_component id="oc-764">
         <name>.text:TimerValueGet</name>
         <load_address>0x2000c41e</load_address>
         <run_address>0x2000c41e</run_address>
         <size>0x1c</size>
         <input_file_ref idref="fl-169"/>
      </object_component>
      <object_component id="oc-1fa">
         <name>.text:UARTCharGetNonBlocking</name>
         <load_address>0x2000c43a</load_address>
         <run_address>0x2000c43a</run_address>
         <size>0x1c</size>
         <input_file_ref idref="fl-16a"/>
      </object_component>
      <object_component id="oc-637">
         <name>.text:_SlDrvStartMeasureTimeout</name>
         <load_address>0x2000c456</load_address>
         <run_address>0x2000c456</run_address>
         <size>0x1c</size>
         <input_file_ref idref="fl-15e"/>
      </object_component>
      <object_component id="oc-1aa">
         <name>.text</name>
         <load_address>0x2000c472</load_address>
         <run_address>0x2000c472</run_address>
         <size>0x1c</size>
         <input_file_ref idref="fl-5"/>
      </object_component>
      <object_component id="oc-616">
         <name>.text</name>
         <load_address>0x2000c48e</load_address>
         <run_address>0x2000c48e</run_address>
         <size>0x1c</size>
         <input_file_ref idref="fl-150"/>
      </object_component>
      <object_component id="oc-3c4">
         <name>.text:uDMAChannelDisable</name>
         <load_address>0x2000c4ac</load_address>
         <run_address>0x2000c4ac</run_address>
         <size>0x1c</size>
         <input_file_ref idref="fl-16b"/>
      </object_component>
      <object_component id="oc-3e8">
         <name>.text:uDMAChannelEnable</name>
         <load_address>0x2000c4c8</load_address>
         <run_address>0x2000c4c8</run_address>
         <size>0x1c</size>
         <input_file_ref idref="fl-16b"/>
      </object_component>
      <object_component id="oc-3be">
         <name>.text:uDMAChannelRequest</name>
         <load_address>0x2000c4e4</load_address>
         <run_address>0x2000c4e4</run_address>
         <size>0x1c</size>
         <input_file_ref idref="fl-16b"/>
      </object_component>
      <object_component id="oc-3fd">
         <name>.text:PinTypeUART</name>
         <load_address>0x2000c500</load_address>
         <run_address>0x2000c500</run_address>
         <size>0x1a</size>
         <input_file_ref idref="fl-166"/>
      </object_component>
      <object_component id="oc-536">
         <name>.text:SPIDmaDisable</name>
         <load_address>0x2000c51a</load_address>
         <run_address>0x2000c51a</run_address>
         <size>0x1a</size>
         <input_file_ref idref="fl-168"/>
      </object_component>
      <object_component id="oc-46e">
         <name>.text:SPIDmaEnable</name>
         <load_address>0x2000c534</load_address>
         <run_address>0x2000c534</run_address>
         <size>0x1a</size>
         <input_file_ref idref="fl-168"/>
      </object_component>
      <object_component id="oc-530">
         <name>.text:SPIFIFODisable</name>
         <load_address>0x2000c54e</load_address>
         <run_address>0x2000c54e</run_address>
         <size>0x1a</size>
         <input_file_ref idref="fl-168"/>
      </object_component>
      <object_component id="oc-468">
         <name>.text:SPIFIFOEnable</name>
         <load_address>0x2000c568</load_address>
         <run_address>0x2000c568</run_address>
         <size>0x1a</size>
         <input_file_ref idref="fl-168"/>
      </object_component>
      <object_component id="oc-52a">
         <name>.text:SPIIntUnregister</name>
         <load_address>0x2000c582</load_address>
         <run_address>0x2000c582</run_address>
         <size>0x1a</size>
         <input_file_ref idref="fl-168"/>
      </object_component>
      <object_component id="oc-444">
         <name>.text:SPICSDisable</name>
         <load_address>0x2000c59c</load_address>
         <run_address>0x2000c59c</run_address>
         <size>0x18</size>
         <input_file_ref idref="fl-168"/>
      </object_component>
      <object_component id="oc-722">
         <name>.text:SPICSEnable</name>
         <load_address>0x2000c5b4</load_address>
         <run_address>0x2000c5b4</run_address>
         <size>0x18</size>
         <input_file_ref idref="fl-168"/>
      </object_component>
      <object_component id="oc-44a">
         <name>.text:SPIDisable</name>
         <load_address>0x2000c5cc</load_address>
         <run_address>0x2000c5cc</run_address>
         <size>0x18</size>
         <input_file_ref idref="fl-168"/>
      </object_component>
      <object_component id="oc-486">
         <name>.text:SPIEnable</name>
         <load_address>0x2000c5e4</load_address>
         <run_address>0x2000c5e4</run_address>
         <size>0x18</size>
         <input_file_ref idref="fl-168"/>
      </object_component>
      <object_component id="oc-1f4">
         <name>.text:UARTCharsAvail</name>
         <load_address>0x2000c5fc</load_address>
         <run_address>0x2000c5fc</run_address>
         <size>0x18</size>
         <input_file_ref idref="fl-16a"/>
      </object_component>
      <object_component id="oc-433">
         <name>.text:_SlNonOsSemSet</name>
         <load_address>0x2000c614</load_address>
         <run_address>0x2000c614</run_address>
         <size>0x18</size>
         <input_file_ref idref="fl-161"/>
      </object_component>
      <object_component id="oc-265">
         <name>.text:_sl_GetStartResponseConvert</name>
         <load_address>0x2000c62c</load_address>
         <run_address>0x2000c62c</run_address>
         <size>0x18</size>
         <input_file_ref idref="fl-15d"/>
      </object_component>
      <object_component id="oc-67">
         <name>.text</name>
         <load_address>0x2000c644</load_address>
         <run_address>0x2000c644</run_address>
         <size>0x18</size>
         <input_file_ref idref="fl-141"/>
      </object_component>
      <object_component id="oc-36f">
         <name>.text:PRCMHIBRegRead</name>
         <load_address>0x2000c65c</load_address>
         <run_address>0x2000c65c</run_address>
         <size>0x16</size>
         <input_file_ref idref="fl-167"/>
      </object_component>
      <object_component id="oc-375">
         <name>.text:PRCMHIBRegWrite</name>
         <load_address>0x2000c672</load_address>
         <run_address>0x2000c672</run_address>
         <size>0x16</size>
         <input_file_ref idref="fl-167"/>
      </object_component>
      <object_component id="oc-13c">
         <name>.text:UARTCharGet</name>
         <load_address>0x2000c688</load_address>
         <run_address>0x2000c688</run_address>
         <size>0x16</size>
         <input_file_ref idref="fl-16a"/>
      </object_component>
      <object_component id="oc-353">
         <name>.text:_SlDrvMemZero</name>
         <load_address>0x2000c69e</load_address>
         <run_address>0x2000c69e</run_address>
         <size>0x16</size>
         <input_file_ref idref="fl-15e"/>
      </object_component>
      <object_component id="oc-610">
         <name>.text</name>
         <load_address>0x2000c6b4</load_address>
         <run_address>0x2000c6b4</run_address>
         <size>0x16</size>
         <input_file_ref idref="fl-151"/>
      </object_component>
      <object_component id="oc-3a0">
         <name>.text:uDMAIntRegister</name>
         <load_address>0x2000c6ca</load_address>
         <run_address>0x2000c6ca</run_address>
         <size>0x16</size>
         <input_file_ref idref="fl-16b"/>
      </object_component>
      <object_component id="oc-35e">
         <name>.text:CPUcpsie</name>
         <load_address>0x2000c6e0</load_address>
         <run_address>0x2000c6e0</run_address>
         <size>0x14</size>
         <input_file_ref idref="fl-16d"/>
      </object_component>
      <object_component id="oc-18c">
         <name>.text:IntVTableBaseSet</name>
         <load_address>0x2000c6f4</load_address>
         <run_address>0x2000c6f4</run_address>
         <size>0x14</size>
         <input_file_ref idref="fl-165"/>
      </object_component>
      <object_component id="oc-1cc">
         <name>.text</name>
         <load_address>0x2000c708</load_address>
         <run_address>0x2000c708</run_address>
         <size>0x14</size>
         <input_file_ref idref="fl-13f"/>
      </object_component>
      <object_component id="oc-200">
         <name>.text</name>
         <load_address>0x2000c71c</load_address>
         <run_address>0x2000c71c</run_address>
         <size>0x14</size>
         <input_file_ref idref="fl-13b"/>
      </object_component>
      <object_component id="oc-3ac">
         <name>.text:uDMAControlBaseSet</name>
         <load_address>0x2000c730</load_address>
         <run_address>0x2000c730</run_address>
         <size>0x14</size>
         <input_file_ref idref="fl-16b"/>
      </object_component>
      <object_component id="oc-394">
         <name>.text:uDMAIntClear</name>
         <load_address>0x2000c744</load_address>
         <run_address>0x2000c744</run_address>
         <size>0x14</size>
         <input_file_ref idref="fl-16b"/>
      </object_component>
      <object_component id="oc-3ca">
         <name>.text:uDMAIntUnregister</name>
         <load_address>0x2000c758</load_address>
         <run_address>0x2000c758</run_address>
         <size>0x12</size>
         <input_file_ref idref="fl-16b"/>
      </object_component>
      <object_component id="oc-7f1">
         <name>.text:_SlDrvDispatchHttpServerEvents</name>
         <load_address>0x2000c76a</load_address>
         <run_address>0x2000c76a</run_address>
         <size>0x10</size>
         <input_file_ref idref="fl-15e"/>
      </object_component>
      <object_component id="oc-2b3">
         <name>.text:_SlDrvResetCmdExt</name>
         <load_address>0x2000c77a</load_address>
         <run_address>0x2000c77a</run_address>
         <size>0xe</size>
         <input_file_ref idref="fl-15e"/>
      </object_component>
      <object_component id="oc-12">
         <name>.text:decompress:none</name>
         <load_address>0x2000c788</load_address>
         <run_address>0x2000c788</run_address>
         <size>0xe</size>
         <input_file_ref idref="fl-131"/>
      </object_component>
      <object_component id="oc-2d">
         <name>.text</name>
         <load_address>0x2000c796</load_address>
         <run_address>0x2000c796</run_address>
         <size>0xe</size>
         <input_file_ref idref="fl-6"/>
      </object_component>
      <object_component id="oc-4b2">
         <name>.text:NwpMaskInterrupt</name>
         <load_address>0x2000c7a4</load_address>
         <run_address>0x2000c7a4</run_address>
         <size>0xc</size>
         <input_file_ref idref="fl-164"/>
      </object_component>
      <object_component id="oc-4cc">
         <name>.text:NwpUnMaskInterrupt</name>
         <load_address>0x2000c7b0</load_address>
         <run_address>0x2000c7b0</run_address>
         <size>0xc</size>
         <input_file_ref idref="fl-164"/>
      </object_component>
      <object_component id="oc-1e">
         <name>.text:decompress:ZI</name>
         <load_address>0x2000c7bc</load_address>
         <run_address>0x2000c7bc</run_address>
         <size>0xc</size>
         <input_file_ref idref="fl-133"/>
      </object_component>
      <object_component id="oc-3d0">
         <name>.text:uDMADisable</name>
         <load_address>0x2000c7c8</load_address>
         <run_address>0x2000c7c8</run_address>
         <size>0xc</size>
         <input_file_ref idref="fl-16b"/>
      </object_component>
      <object_component id="oc-3a6">
         <name>.text:uDMAEnable</name>
         <load_address>0x2000c7d4</load_address>
         <run_address>0x2000c7d4</run_address>
         <size>0xc</size>
         <input_file_ref idref="fl-16b"/>
      </object_component>
      <object_component id="oc-38e">
         <name>.text:uDMAIntStatus</name>
         <load_address>0x2000c7e0</load_address>
         <run_address>0x2000c7e0</run_address>
         <size>0xc</size>
         <input_file_ref idref="fl-16b"/>
      </object_component>
      <object_component id="oc-192">
         <name>.text:IntMasterEnable</name>
         <load_address>0x2000c7ec</load_address>
         <run_address>0x2000c7ec</run_address>
         <size>0xa</size>
         <input_file_ref idref="fl-165"/>
      </object_component>
      <object_component id="oc-166">
         <name>.text:UtilsDelay</name>
         <load_address>0x2000c7f6</load_address>
         <run_address>0x2000c7f6</run_address>
         <size>0x6</size>
         <input_file_ref idref="fl-16c"/>
      </object_component>
      <object_component id="oc-18">
         <name>.text:decompress:rle24</name>
         <load_address>0x2000c7fc</load_address>
         <run_address>0x2000c7fc</run_address>
         <size>0x6</size>
         <input_file_ref idref="fl-132"/>
      </object_component>
      <object_component id="oc-5b">
         <name>.text</name>
         <load_address>0x2000c802</load_address>
         <run_address>0x2000c802</run_address>
         <size>0x4</size>
         <input_file_ref idref="fl-139"/>
      </object_component>
      <object_component id="oc-300">
         <name>.const:.string:_ctypes_</name>
         <load_address>0x2000c808</load_address>
         <run_address>0x2000c808</run_address>
         <size>0x101</size>
         <input_file_ref idref="fl-145"/>
      </object_component>
      <object_component id="oc-6bd">
         <name>.const:g_ulPinToPadMap</name>
         <load_address>0x2000c90c</load_address>
         <run_address>0x2000c90c</run_address>
         <size>0x100</size>
         <input_file_ref idref="fl-166"/>
      </object_component>
      <object_component id="oc-5a5">
         <name>.const:g_pulRegs</name>
         <load_address>0x2000ca0c</load_address>
         <run_address>0x2000ca0c</run_address>
         <size>0xd4</size>
         <input_file_ref idref="fl-165"/>
      </object_component>
      <object_component id="oc-59c">
         <name>.const:PRCM_PeriphRegsList</name>
         <load_address>0x2000cae0</load_address>
         <run_address>0x2000cae0</run_address>
         <size>0xa8</size>
         <input_file_ref idref="fl-167"/>
      </object_component>
      <object_component id="oc-365">
         <name>.const</name>
         <load_address>0x2000cb88</load_address>
         <run_address>0x2000cb88</run_address>
         <size>0x80</size>
         <input_file_ref idref="fl-165"/>
      </object_component>
      <object_component id="oc-718">
         <name>.const:OpcodeTranslateTable</name>
         <load_address>0x2000cc08</load_address>
         <run_address>0x2000cc08</run_address>
         <size>0x3c</size>
         <input_file_ref idref="fl-15e"/>
      </object_component>
      <object_component id="oc-792">
         <name>.const:_SlActionLookupTable</name>
         <load_address>0x2000cc44</load_address>
         <run_address>0x2000cc44</run_address>
         <size>0x38</size>
         <input_file_ref idref="fl-15e"/>
      </object_component>
      <object_component id="oc-129">
         <name>.const:$P$T1$2</name>
         <load_address>0x2000cc7c</load_address>
         <run_address>0x2000cc7c</run_address>
         <size>0x2c</size>
         <input_file_ref idref="fl-3"/>
      </object_component>
      <object_component id="oc-167">
         <name>.const:.string</name>
         <load_address>0x2000cca8</load_address>
         <run_address>0x2000cca8</run_address>
         <size>0x2b</size>
         <input_file_ref idref="fl-3"/>
      </object_component>
      <object_component id="oc-737">
         <name>.const:g_ppulSPIIntMap</name>
         <load_address>0x2000ccd4</load_address>
         <run_address>0x2000ccd4</run_address>
         <size>0x24</size>
         <input_file_ref idref="fl-168"/>
      </object_component>
      <object_component id="oc-12f">
         <name>.const:.string:$P$T0$1</name>
         <load_address>0x2000ccf8</load_address>
         <run_address>0x2000ccf8</run_address>
         <size>0x22</size>
         <input_file_ref idref="fl-3"/>
      </object_component>
      <object_component id="oc-775">
         <name>.const:RxMsgClassLUT</name>
         <load_address>0x2000cd1c</load_address>
         <run_address>0x2000cd1c</run_address>
         <size>0x20</size>
         <input_file_ref idref="fl-15e"/>
      </object_component>
      <object_component id="oc-12c">
         <name>.const</name>
         <load_address>0x2000cd3c</load_address>
         <run_address>0x2000cd3c</run_address>
         <size>0x20</size>
         <input_file_ref idref="fl-3"/>
      </object_component>
      <object_component id="oc-6f9">
         <name>.const</name>
         <load_address>0x2000cd5c</load_address>
         <run_address>0x2000cd5c</run_address>
         <size>0x18</size>
         <input_file_ref idref="fl-168"/>
      </object_component>
      <object_component id="oc-76e">
         <name>.const:$P$T0$1</name>
         <load_address>0x2000cd74</load_address>
         <run_address>0x2000cd74</run_address>
         <size>0x14</size>
         <input_file_ref idref="fl-15e"/>
      </object_component>
      <object_component id="oc-643">
         <name>.const:$P$T0$1</name>
         <load_address>0x2000cd88</load_address>
         <run_address>0x2000cd88</run_address>
         <size>0x14</size>
         <input_file_ref idref="fl-161"/>
      </object_component>
      <object_component id="oc-574">
[...]
         <name>_SlNetAppSendTokenValueCmdCtrl</name>
         <value>0x2000cddc</value>
         <object_component_ref idref="oc-849"/>
      </symbol>
      <symbol id="sm-b68">
         <name>_sl_HandleAsync_DnsGetHostByName</name>
         <value>0x2000a485</value>
         <object_component_ref idref="oc-7e5"/>
      </symbol>
      <symbol id="sm-b69">
         <name>_sl_HandleAsync_PingResponse</name>
         <value>0x2000a515</value>
         <object_component_ref idref="oc-77e"/>
      </symbol>
      <symbol id="sm-b6a">
         <name>_SlDrvNetAppEventHandler</name>
         <value>0x20008e95</value>
         <object_component_ref idref="oc-778"/>
      </symbol>
      <symbol id="sm-b6b">
         <name>_sl_HandleAsync_DnsGetHostByService</name>
         <value>0x200097e1</value>
         <object_component_ref idref="oc-7eb"/>
      </symbol>
      <symbol id="sm-b6c">
         <name>_sl_NetAppSendTokenValue</name>
         <value>0x2000af5d</value>
         <object_component_ref idref="oc-7f7"/>
      </symbol>
      <symbol id="sm-b6d">
         <name>sl_NetAppMDNSRegisterUnregisterService</name>
         <value>0x20009621</value>
         <object_component_ref idref="oc-2df"/>
      </symbol>
      <symbol id="sm-b8f">
         <name>sl_NetCfgSet</name>
         <value>0x2000a191</value>
         <object_component_ref idref="oc-111"/>
      </symbol>
      <symbol id="sm-bd7">
         <name>_SlNonOsSemSet</name>
         <value>0x2000c615</value>
         <object_component_ref idref="oc-433"/>
      </symbol>
      <symbol id="sm-bd8">
         <name>_SlNonOsSpawn</name>
         <value>0x2000b171</value>
         <object_component_ref idref="oc-4f9"/>
      </symbol>
      <symbol id="sm-bd9">
         <name>_SlNonOsSemGet</name>
         <value>0x20009c75</value>
         <object_component_ref idref="oc-439"/>
      </symbol>
      <symbol id="sm-bda">
         <name>_SlNonOsMainLoopTask</name>
         <value>0x2000ae7d</value>
         <object_component_ref idref="oc-e7"/>
      </symbol>
      <symbol id="sm-bdb">
         <name>g__SlNonOsCB</name>
         <value>0x20018020</value>
         <object_component_ref idref="oc-283"/>
      </symbol>
      <symbol id="sm-d35">
         <name>sl_Accept</name>
         <value>0x20007831</value>
         <object_component_ref idref="oc-17a"/>
      </symbol>
      <symbol id="sm-d36">
         <name>sl_Recv</name>
         <value>0x20009fb9</value>
         <object_component_ref idref="oc-180"/>
      </symbol>
      <symbol id="sm-d37">
         <name>sl_Send</name>
         <value>0x20008a0d</value>
         <object_component_ref idref="oc-160"/>
      </symbol>
      <symbol id="sm-d38">
         <name>_sl_HandleAsync_Connect</name>
         <value>0x2000ab91</value>
         <object_component_ref idref="oc-80d"/>
      </symbol>
      <symbol id="sm-d39">
         <name>sl_Htonl</name>
         <value>0x2000bb5d</value>
         <object_component_ref idref="oc-148"/>
      </symbol>
      <symbol id="sm-d3a">
         <name>sl_Htons</name>
         <value>0x2000bdd1</value>
         <object_component_ref idref="oc-142"/>
      </symbol>
      <symbol id="sm-d3b">
         <name>sl_Connect</name>
         <value>0x20008085</value>
         <object_component_ref idref="oc-154"/>
      </symbol>
      <symbol id="sm-d3c">
         <name>sl_Socket</name>
         <value>0x2000a865</value>
         <object_component_ref idref="oc-14e"/>
      </symbol>
      <symbol id="sm-d3d">
         <name>_sl_HandleAsync_Select</name>
         <value>0x2000b5dd</value>
         <object_component_ref idref="oc-813"/>
      </symbol>
      <symbol id="sm-d3e">
         <name>sl_Close</name>
         <value>0x2000b365</value>
         <object_component_ref idref="oc-15a"/>
      </symbol>
      <symbol id="sm-d3f">
         <name>_sl_HandleAsync_Accept</name>
         <value>0x2000b1d5</value>
         <object_component_ref idref="oc-807"/>
      </symbol>
      <symbol id="sm-d40">
         <name>sl_SetSockOpt</name>
         <value>0x2000a229</value>
         <object_component_ref idref="oc-174"/>
      </symbol>
      <symbol id="sm-d41">
         <name>sl_Listen</name>
         <value>0x2000b035</value>
         <object_component_ref idref="oc-16e"/>
      </symbol>
      <symbol id="sm-d42">
         <name>sl_Bind</name>
         <value>0x20009bbd</value>
         <object_component_ref idref="oc-168"/>
      </symbol>
      <symbol id="sm-dfc">
         <name>sl_WlanDisconnect</name>
         <value>0x2000be81</value>
         <object_component_ref idref="oc-10b"/>
      </symbol>
      <symbol id="sm-dfd">
         <name>sl_WlanPolicySet</name>
         <value>0x2000a5a5</value>
         <object_component_ref idref="oc-ff"/>
      </symbol>
      <symbol id="sm-dfe">
         <name>sl_WlanProfileDel</name>
         <value>0x2000b3c5</value>
         <object_component_ref idref="oc-105"/>
      </symbol>
      <symbol id="sm-dff">
         <name>sl_WlanRxFilterSet</name>
         <value>0x2000ab0d</value>
         <object_component_ref idref="oc-123"/>
      </symbol>
      <symbol id="sm-e00">
         <name>sl_WlanConnect</name>
         <value>0x20006bf5</value>
         <object_component_ref idref="oc-186"/>
      </symbol>
      <symbol id="sm-e01">
         <name>sl_WlanSet</name>
         <value>0x2000a2c1</value>
         <object_component_ref idref="oc-117"/>
      </symbol>
      <symbol id="sm-e02">
         <name>sl_WlanSetMode</name>
         <value>0x2000b425</value>
         <object_component_ref idref="oc-ed"/>
      </symbol>
      <symbol id="sm-f1d">
         <name>g_ucDinDout</name>
         <value>0x20017e68</value>
      </symbol>
      <symbol id="sm-f1e">
         <name>g_cDummy</name>
         <value>0x20017eea</value>
      </symbol>
      <symbol id="sm-f1f">
         <name>NwpMaskInterrupt</name>
         <value>0x2000c7a5</value>
         <object_component_ref idref="oc-4b2"/>
      </symbol>
      <symbol id="sm-f20">
         <name>NwpPrePowerOffTimout0</name>
         <value>0x2000c345</value>
         <object_component_ref idref="oc-298"/>
      </symbol>
      <symbol id="sm-f21">
         <name>NwpRegisterInterruptHandler</name>
         <value>0x2000bca1</value>
         <object_component_ref idref="oc-24d"/>
      </symbol>
      <symbol id="sm-f22">
         <name>g_pHostIntHdl</name>
         <value>0x200180a8</value>
         <object_component_ref idref="oc-48c"/>
      </symbol>
      <symbol id="sm-f23">
         <name>simplelink_timerA2_start</name>
         <value>0x2000bd95</value>
         <object_component_ref idref="oc-75e"/>
      </symbol>
      <symbol id="sm-f24">
         <name>NwpUnMaskInterrupt</name>
         <value>0x2000c7b1</value>
         <object_component_ref idref="oc-4cc"/>
      </symbol>
      <symbol id="sm-f25">
         <name>NwpPowerOff</name>
         <value>0x2000be49</value>
         <object_component_ref idref="oc-247"/>
      </symbol>
      <symbol id="sm-f26">
         <name>TimerGetCurrentTimestamp</name>
         <value>0x2000c365</value>
         <object_component_ref idref="oc-6ef"/>
      </symbol>
      <symbol id="sm-f27">
         <name>spi_Read</name>
         <value>0x20009185</value>
         <object_component_ref idref="oc-70b"/>
      </symbol>
      <symbol id="sm-f28">
         <name>DmaSpiSwIntHandler</name>
         <value>0x2000c209</value>
         <object_component_ref idref="oc-492"/>
      </symbol>
      <symbol id="sm-f29">
         <name>NwpPowerOn</name>
         <value>0x2000c011</value>
         <object_component_ref idref="oc-253"/>
      </symbol>
      <symbol id="sm-f2a">
         <name>spi_Close</name>
         <value>0x2000ad8d</value>
         <object_component_ref idref="oc-29e"/>
      </symbol>
      <symbol id="sm-f2b">
         <name>spi_Write</name>
         <value>0x2000a359</value>
         <object_component_ref idref="oc-68e"/>
      </symbol>
      <symbol id="sm-f2c">
         <name>spi_Open</name>
         <value>0x20008649</value>
         <object_component_ref idref="oc-23b"/>
      </symbol>
      <symbol id="sm-f2d">
         <name>g_ucDMAEnabled</name>
         <value>0x200180ac</value>
         <object_component_ref idref="oc-48c"/>
      </symbol>
      <symbol id="sm-f2e">
         <name>g_SpiFd</name>
         <value>0x200180a4</value>
         <object_component_ref idref="oc-48c"/>
      </symbol>
      <symbol id="sm-fb4">
         <name>IntPendClear</name>
         <value>0x2000b485</value>
         <object_component_ref idref="oc-4c5"/>
      </symbol>
      <symbol id="sm-fb5">
         <name>IntPrioritySet</name>
         <value>0x2000b535</value>
         <object_component_ref idref="oc-39a"/>
      </symbol>
      <symbol id="sm-fb6">
         <name>IntVTableBaseSet</name>
         <value>0x2000c6f5</value>
         <object_component_ref idref="oc-18c"/>
      </symbol>
      <symbol id="sm-fb7">
         <name>IntEnable</name>
         <value>0x20009dcd</value>
         <object_component_ref idref="oc-198"/>
      </symbol>
      <symbol id="sm-fb8">
         <name>IntDisable</name>
         <value>0x20009d25</value>
         <object_component_ref idref="oc-4b9"/>
      </symbol>
      <symbol id="sm-fb9">
         <name>IntRegister</name>
         <value>0x2000c325</value>
         <object_component_ref idref="oc-47a"/>
      </symbol>
      <symbol id="sm-fba">
         <name>IntUnregister</name>
         <value>0x2000c22d</value>
         <object_component_ref idref="oc-4bf"/>
      </symbol>
      <symbol id="sm-fbb">
         <name>IntMasterEnable</name>
         <value>0x2000c7ed</value>
         <object_component_ref idref="oc-192"/>
      </symbol>
      <symbol id="sm-fe8">
         <name>PinTypeUART</name>
         <value>0x2000c501</value>
         <object_component_ref idref="oc-3fd"/>
      </symbol>
      <symbol id="sm-fe9">
         <name>PinConfigSet</name>
         <value>0x2000a8f1</value>
         <object_component_ref idref="oc-5cd"/>
      </symbol>
      <symbol id="sm-fea">
         <name>PinModeSet</name>
         <value>0x2000bba1</value>
         <object_component_ref idref="oc-5c7"/>
      </symbol>
      <symbol id="sm-107d">
         <name>PRCMPeripheralReset</name>
         <value>0x2000b4dd</value>
         <object_component_ref idref="oc-381"/>
      </symbol>
      <symbol id="sm-107e">
         <name>PRCMPeripheralClkEnable</name>
         <value>0x2000bd1d</value>
         <object_component_ref idref="oc-37b"/>
      </symbol>
      <symbol id="sm-107f">
         <name>PRCMPeripheralClockGet</name>
         <value>0x2000a3f1</value>
         <object_component_ref idref="oc-1e2"/>
      </symbol>
      <symbol id="sm-1080">
         <name>PRCMCC3200MCUInit</name>
         <value>0x20008211</value>
         <object_component_ref idref="oc-19e"/>
      </symbol>
      <symbol id="sm-1081">
         <name>PRCMHIBRegWrite</name>
         <value>0x2000c673</value>
         <object_component_ref idref="oc-375"/>
      </symbol>
      <symbol id="sm-1082">
         <name>PRCMSysResetCauseGet</name>
         <value>0x2000c03d</value>
         <object_component_ref idref="oc-369"/>
      </symbol>
      <symbol id="sm-1083">
         <name>PRCMPeripheralStatusGet</name>
         <value>0x2000beb9</value>
         <object_component_ref idref="oc-45c"/>
      </symbol>
      <symbol id="sm-1084">
         <name>PRCMPeripheralClkDisable</name>
         <value>0x2000c141</value>
         <object_component_ref idref="oc-387"/>
      </symbol>
      <symbol id="sm-1085">
         <name>PRCMHIBRegRead</name>
         <value>0x2000c65d</value>
         <object_component_ref idref="oc-36f"/>
      </symbol>
      <symbol id="sm-1140">
         <name>SPIFIFODisable</name>
         <value>0x2000c54f</value>
         <object_component_ref idref="oc-530"/>
      </symbol>
      <symbol id="sm-1141">
         <name>SPICSEnable</name>
         <value>0x2000c5b5</value>
         <object_component_ref idref="oc-722"/>
      </symbol>
      <symbol id="sm-1142">
         <name>SPIDisable</name>
         <value>0x2000c5cd</value>
         <object_component_ref idref="oc-44a"/>
      </symbol>
      <symbol id="sm-1143">
         <name>SPIFIFOEnable</name>
         <value>0x2000c569</value>
         <object_component_ref idref="oc-468"/>
      </symbol>
      <symbol id="sm-1144">
         <name>SPIWordCountSet</name>
         <value>0x2000c2df</value>
         <object_component_ref idref="oc-728"/>
      </symbol>
      <symbol id="sm-1145">
         <name>SPIEnable</name>
         <value>0x2000c5e5</value>
         <object_component_ref idref="oc-486"/>
      </symbol>
      <symbol id="sm-1146">
         <name>SPIDmaEnable</name>
         <value>0x2000c535</value>
         <object_component_ref idref="oc-46e"/>
      </symbol>
      <symbol id="sm-1147">
         <name>SPIConfigSetExpClk</name>
         <value>0x20009f19</value>
         <object_component_ref idref="oc-456"/>
      </symbol>
      <symbol id="sm-1148">
         <name>SPIIntUnregister</name>
         <value>0x2000c583</value>
         <object_component_ref idref="oc-52a"/>
      </symbol>
      <symbol id="sm-1149">
         <name>SPIFIFOLevelSet</name>
         <value>0x2000beed</value>
         <object_component_ref idref="oc-474"/>
      </symbol>
      <symbol id="sm-114a">
         <name>SPIDmaDisable</name>
         <value>0x2000c51b</value>
         <object_component_ref idref="oc-536"/>
      </symbol>
      <symbol id="sm-114b">
         <name>SPIReset</name>
         <value>0x2000c2bd</value>
         <object_component_ref idref="oc-450"/>
      </symbol>
      <symbol id="sm-114c">
         <name>SPIIntEnable</name>
         <value>0x2000b6d5</value>
         <object_component_ref idref="oc-480"/>
      </symbol>
      <symbol id="sm-114d">
         <name>SPIIntClear</name>
         <value>0x2000b8e9</value>
         <object_component_ref idref="oc-664"/>
      </symbol>
      <symbol id="sm-114e">
         <name>SPICSDisable</name>
         <value>0x2000c59d</value>
         <object_component_ref idref="oc-444"/>
      </symbol>
      <symbol id="sm-1181">
         <name>TimerLoadSet</name>
         <value>0x2000c0c1</value>
         <object_component_ref idref="oc-7c9"/>
      </symbol>
      <symbol id="sm-1182">
         <name>TimerEnable</name>
         <value>0x2000c3c5</value>
         <object_component_ref idref="oc-7cf"/>
      </symbol>
      <symbol id="sm-1183">
         <name>TimerValueGet</name>
         <value>0x2000c41f</value>
         <object_component_ref idref="oc-764"/>
      </symbol>
      <symbol id="sm-1184">
         <name>TimerPrescaleSet</name>
         <value>0x2000c0eb</value>
         <object_component_ref idref="oc-7c3"/>
      </symbol>
      <symbol id="sm-1185">
         <name>TimerConfigure</name>
         <value>0x2000ba4d</value>
         <object_component_ref idref="oc-7bd"/>
      </symbol>
      <symbol id="sm-11ca">
         <name>UARTConfigSetExpClk</name>
         <value>0x2000ae05</value>
         <object_component_ref idref="oc-1e8"/>
      </symbol>
      <symbol id="sm-11cb">
         <name>UARTDisable</name>
         <value>0x2000bf55</value>
         <object_component_ref idref="oc-408"/>
      </symbol>
      <symbol id="sm-11cc">
         <name>UARTCharsAvail</name>
         <value>0x2000c5fd</value>
         <object_component_ref idref="oc-1f4"/>
      </symbol>
      <symbol id="sm-11cd">
         <name>UARTCharGetNonBlocking</name>
         <value>0x2000c43b</value>
         <object_component_ref idref="oc-1fa"/>
      </symbol>
      <symbol id="sm-11ce">
         <name>UARTCharPut</name>
         <value>0x2000c3e3</value>
         <object_component_ref idref="oc-cc"/>
      </symbol>
      <symbol id="sm-11cf">
         <name>UARTEnable</name>
         <value>0x2000c251</value>
         <object_component_ref idref="oc-40e"/>
      </symbol>
      <symbol id="sm-11d0">
         <name>UARTCharGet</name>
         <value>0x2000c689</value>
         <object_component_ref idref="oc-13c"/>
      </symbol>
      <symbol id="sm-127d">
         <name>uDMAChannelControlSet</name>
         <value>0x2000be0d</value>
         <object_component_ref idref="oc-3d6"/>
      </symbol>
      <symbol id="sm-127e">
         <name>uDMAIntClear</name>
         <value>0x2000c745</value>
         <object_component_ref idref="oc-394"/>
      </symbol>
      <symbol id="sm-127f">
         <name>uDMAChannelDisable</name>
         <value>0x2000c4ad</value>
         <object_component_ref idref="oc-3c4"/>
      </symbol>
      <symbol id="sm-1280">
         <name>uDMAIntUnregister</name>
         <value>0x2000c759</value>
         <object_component_ref idref="oc-3ca"/>
      </symbol>
      <symbol id="sm-1281">
         <name>uDMAChannelAttributeEnable</name>
         <value>0x2000b301</value>
         <object_component_ref idref="oc-3dc"/>
      </symbol>
      <symbol id="sm-1282">
         <name>uDMADisable</name>
         <value>0x2000c7c9</value>
         <object_component_ref idref="oc-3d0"/>
      </symbol>
      <symbol id="sm-1283">
         <name>uDMAChannelTransferSet</name>
         <value>0x20009275</value>
         <object_component_ref idref="oc-3e2"/>
      </symbol>
      <symbol id="sm-1284">
         <name>uDMAIntStatus</name>
         <value>0x2000c7e1</value>
         <object_component_ref idref="oc-38e"/>
      </symbol>
      <symbol id="sm-1285">
         <name>uDMAChannelAssign</name>
         <value>0x2000b89d</value>
         <object_component_ref idref="oc-3b2"/>
      </symbol>
      <symbol id="sm-1286">
         <name>uDMAIntRegister</name>
         <value>0x2000c6cb</value>
         <object_component_ref idref="oc-3a0"/>
      </symbol>
      <symbol id="sm-1287">
         <name>uDMAEnable</name>
         <value>0x2000c7d5</value>
         <object_component_ref idref="oc-3a6"/>
      </symbol>
      <symbol id="sm-1288">
         <name>uDMAControlBaseSet</name>
         <value>0x2000c731</value>
         <object_component_ref idref="oc-3ac"/>
      </symbol>
      <symbol id="sm-1289">
         <name>uDMAChannelAttributeDisable</name>
         <value>0x2000b29d</value>
         <object_component_ref idref="oc-3b8"/>
      </symbol>
      <symbol id="sm-128a">
         <name>uDMAChannelEnable</name>
         <value>0x2000c4c9</value>
         <object_component_ref idref="oc-3e8"/>
      </symbol>
      <symbol id="sm-128b">
         <name>uDMAChannelRequest</name>
         <value>0x2000c4e5</value>
         <object_component_ref idref="oc-3be"/>
      </symbol>
      <symbol id="sm-128f">
         <name>UtilsDelay</name>
         <value>0x2000c7f7</value>
         <object_component_ref idref="oc-166"/>
      </symbol>
      <symbol id="sm-1299">
         <name>CPUcpsie</name>
         <value>0x2000c6e1</value>
         <object_component_ref idref="oc-35e"/>
      </symbol>
      <symbol id="sm-129b">
         <name>__TI_static_base__</name>
         <value>0x2000ce18</value>
      </symbol>
      <symbol id="sm-129e">
         <name>SHT$$INIT_ARRAY$$Limit</name>
         <value>0x0</value>
      </symbol>
      <symbol id="sm-129f">
         <name>SHT$$INIT_ARRAY$$Base</name>
         <value>0x0</value>
      </symbol>
   </symbol_table>
   <title>Link successful</title>
</link_info>
