******************************************************************************
                  TI ARM Linker PC v5.2.9                      
******************************************************************************
>> Linked Wed Feb 14 20:34:19 2018

OUTPUT FILE NAME:   <tcp_socket.out>
ENTRY POINT SYMBOL: "_c_int00"  address: 2000c7a9


MEMORY CONFIGURATION

         name            origin    length      used     unused   attr    fill
----------------------  --------  ---------  --------  --------  ----  --------
  SRAM_CODE             20004000   00013000  000098ba  00009746  RW X
  SRAM_DATA             20017000   00019000  00001e48  000171b8  RW X


SEGMENT ALLOCATION MAP

run origin  load origin   length   init length attrs members
----------  ----------- ---------- ----------- ----- -------
20004000    20004000    000098c0   000098c0    r-x
  20004000    20004000    00000400   00000400    r-- .intvecs
  20004400    20004400    00008e56   00008e56    r-x .text
  2000d258    2000d258    000005d4   000005d4    r-- .const
  2000d830    2000d830    00000090   00000090    r-- .cinit
20017000    20017000    0000164c   00000000    rw-
  20017000    20017000    00000c74   00000000    rw- .bss
  20017c78    20017c78    00000800   00000000    rw- .sysmem
  20018478    20018478    000001d4   00000000    rw- .data
2002f800    2002f800    00000800   00000000    rw-
  2002f800    2002f800    00000800   00000000    rw- .stack


SECTION ALLOCATION MAP

 output                                  attributes/
section   page    origin      length       input sections
--------  ----  ----------  ----------   ----------------
.intvecs   0    20004000    00000400     
                  20004000    00000400     startup_ccs.obj (.intvecs)

.init_array 
*          0    20004000    00000000     UNINITIALIZED

.text      0    20004400    00008e56     
                  20004400    00001578     main.obj (.text)
                  20005978    000010e0     rtsv7M4_T_le_eabi.lib : _printfi.obj (.text)
                  20006a58    00000590     simplelink.a : driver.obj (.text:_SlDrvMsgRead)
                  20006fe8    000003dc     rtsv7M4_T_le_eabi.lib : memory.obj (.text)
                  200073c4    00000280     uart_if.obj (.text)
                  20007644    0000027c     simplelink.a : wlan.obj (.text:sl_WlanConnect)
                  200078c0    0000024c                  : driver.obj (.text:_SlDrvRxHdrRead)
                  20007b0c    000001f4     rtsv7M4_T_le_eabi.lib : ull_div_t2.obj (.text)
                  20007d00    000001e4     simplelink.a : driver.obj (.text:_SlDrvDataReadOp)
                  20007ee4    000001d0                  : driver.obj (.text:_SlDrvReleasePoolObj)
                  200080b4    000001cc     udma_if.obj (.text)
                  20008280    000001bc     simplelink.a : socket.obj (.text:sl_Accept)
                  2000843c    000001b6     rtsv7M4_T_le_eabi.lib : fd_add_t2.obj (.text)
                  200085f2    00000002     driverlib.a : interrupt.obj (.text:IntDefaultHandler)
                  200085f4    000001b4     simplelink.a : driver.obj (.text:_SlDrvDriverCBInit)
                  200087a8    0000019c                  : driver.obj (.text:_SlDrvMsgWrite)
                  20008944    00000190                  : driver.obj (.text:_SlDrvWaitForPoolObj)
                  20008ad4    0000018c                  : socket.obj (.text:sl_Connect)
                  20008c60    00000178     driverlib.a : prcm.obj (.text:PRCMCC3200MCUInit)
                  20008dd8    00000170     simplelink.a : driver.obj (.text:_SlFindAndSetActiveObj)
                  20008f48    00000150                  : driver.obj (.text:_SlDrvDataWriteOp)
                  20009098    00000148                  : cc_pal.obj (.text:spi_Open)
                  200091e0    00000144                  : driver.obj (.text:_SlDrvMsgReadCmdCtx)
                  20009324    00000136     rtsv7M4_T_le_eabi.lib : fd_div_t2.obj (.text)
                  2000945a    00000002     --HOLE-- [fill = 0]
                  2000945c    00000134     simplelink.a : socket.obj (.text:sl_Send)
                  20009590    00000130                  : driver.obj (.text:_SlDrvDriverCBDeinit)
                  200096c0    00000114     rtsv7M4_T_le_eabi.lib : strtoul.obj (.text)
                  200097d4    00000110                           : xdscale.obj (.text)
                  200098e4    00000104     simplelink.a : netapp.obj (.text:_SlDrvNetAppEventHandler)
                  200099e8    000000fc     rtsv7M4_T_le_eabi.lib : fd_mul_t2.obj (.text)
                  20009ae4    000000f0     simplelink.a : device.obj (.text:sl_Stop)
                  20009bd4    000000f0                  : cc_pal.obj (.text:spi_Read)
                  20009cc4    000000f0     driverlib.a : udma.obj (.text:uDMAChannelTransferSet)
                  20009db4    000000ec     simplelink.a : device.obj (.text:sl_Start)
                  20009ea0    000000e8                  : driver.obj (.text:_SlAsyncEventGenericHandler)
                  20009f88    000000e8                  : driver.obj (.text:_SlDrvMsgReadSpawnCtx)
                  2000a070    000000e4                  : netapp.obj (.text:sl_NetAppMDNSRegisterUnregisterService)
                  2000a154    000000dc                  : driver.obj (.text:_SlDrvClassifyRxMsg)
                  2000a230    000000cc                  : netapp.obj (.text:_sl_HandleAsync_DnsGetHostByService)
                  2000a2fc    000000cc                  : device.obj (.text:sl_DevGet)
                  2000a3c8    000000c4                  : driver.obj (.text:_SlRemoveFromList)
                  2000a48c    000000c0                  : driver.obj (.text:_SlDrvCmdOp)
                  2000a54c    000000be     rtsv7M4_T_le_eabi.lib : xdnorm.obj (.text)
                  2000a60a    00000002     --HOLE-- [fill = 0]
                  2000a60c    000000b8     simplelink.a : socket.obj (.text:sl_Bind)
                  2000a6c4    000000b0                  : nonos.obj (.text:_SlNonOsSemGet)
                  2000a774    000000a8     driverlib.a : interrupt.obj (.text:IntDisable)
                  2000a81c    000000a8                 : interrupt.obj (.text:IntEnable)
                  2000a8c4    000000a4     simplelink.a : driver.obj (.text:_SlDriverHandleError)
                  2000a968    000000a0     driverlib.a : spi.obj (.text:SPIConfigSetExpClk)
                  2000aa08    000000a0     simplelink.a : socket.obj (.text:sl_Recv)
                  2000aaa8    0000009c     rtsv7M4_T_le_eabi.lib : memcpy_t2.obj (.text)
                  2000ab44    0000009a     simplelink.a : device.obj (.text:_SlDrvDeviceEventHandler)
                  2000abde    00000002     --HOLE-- [fill = 0]
                  2000abe0    00000098                  : netcfg.obj (.text:sl_NetCfgSet)
                  2000ac78    00000098                  : socket.obj (.text:sl_SetSockOpt)
                  2000ad10    00000098                  : wlan.obj (.text:sl_WlanSet)
                  2000ada8    00000098                  : cc_pal.obj (.text:spi_Write)
                  2000ae40    00000094     driverlib.a : prcm.obj (.text:PRCMPeripheralClockGet)
                  2000aed4    00000090     simplelink.a : netapp.obj (.text:_sl_HandleAsync_DnsGetHostByName)
                  2000af64    00000090                  : netapp.obj (.text:_sl_HandleAsync_PingResponse)
                  2000aff4    00000090                  : wlan.obj (.text:sl_WlanPolicySet)
                  2000b084    0000008c                  : cc_pal.obj (.text:SetupDMAReceive)
                  2000b110    0000008c                  : cc_pal.obj (.text:SetupDMASend)
                  2000b19c    0000008c                  : driver.obj (.text:_SlDrvIsTimeoutExpired)
                  2000b228    0000008c                  : device.obj (.text:_sl_HandleAsync_InitComplete)
                  2000b2b4    0000008c                  : socket.obj (.text:sl_Socket)
                  2000b340    00000088     driverlib.a : pin.obj (.text:PinConfigSet)
                  2000b3c8    00000088     rtsv7M4_T_le_eabi.lib : vsnprintf.obj (.text)
                  2000b450    00000086                           : fd_cmp_t2.obj (.text:__aeabi_cdcmple)
                  2000b4d6    00000086                           : fd_cmp_t2.obj (.text:__aeabi_cdrcmple)
                  2000b55c    00000084     simplelink.a : wlan.obj (.text:sl_WlanRxFilterSet)
                  2000b5e0    00000080                  : socket.obj (.text:_sl_HandleAsync_Connect)
                  2000b660    00000080                  : cc_pal.obj (.text:spi_Read_CPU)
                  2000b6e0    00000080                  : cc_pal.obj (.text:spi_Write_CPU)
                  2000b760    0000007a     rtsv7M4_T_le_eabi.lib : memset_t2.obj (.text)
                  2000b7da    00000002     --HOLE-- [fill = 0]
                  2000b7dc    00000078     simplelink.a : cc_pal.obj (.text:spi_Close)
                  2000b854    00000076     driverlib.a : uart.obj (.text:UARTConfigSetExpClk)
                  2000b8ca    00000002     --HOLE-- [fill = 0]
                  2000b8cc    00000074     simplelink.a : nonos.obj (.text:_SlNonOsMainLoopTask)
                  2000b940    0000006c                  : driver.obj (.text:_SlDrvCmdSend)
                  2000b9ac    0000006c                  : netapp.obj (.text:_sl_NetAppSendTokenValue)
                  2000ba18    0000006c     rtsv7M4_T_le_eabi.lib : autoinit.obj (.text)
                  2000ba84    0000006c     simplelink.a : socket.obj (.text:sl_Listen)
                  2000baf0    0000006a     rtsv7M4_T_le_eabi.lib : copy_decompress_rle.obj (.text)
                  2000bb5a    00000066                           : xdunscal.obj (.text)
                  2000bbc0    00000064     simplelink.a : nonos.obj (.text:_SlNonOsSpawn)
                  2000bc24    00000064                  : socket.obj (.text:_sl_HandleAsync_Accept)
                  2000bc88    00000064                  : netapp.obj (.text:sl_NetAppMDNSUnRegisterService)
                  2000bcec    00000064     driverlib.a : udma.obj (.text:uDMAChannelAttributeDisable)
                  2000bd50    00000064                 : udma.obj (.text:uDMAChannelAttributeEnable)
                  2000bdb4    00000060     simplelink.a : socket.obj (.text:sl_Close)
                  2000be14    00000060                  : wlan.obj (.text:sl_WlanProfileDel)
                  2000be74    00000060                  : wlan.obj (.text:sl_WlanSetMode)
                  2000bed4    00000058     driverlib.a : interrupt.obj (.text:IntPendClear)
                  2000bf2c    00000058                 : prcm.obj (.text:PRCMPeripheralReset)
                  2000bf84    00000054                 : interrupt.obj (.text:IntPrioritySet)
                  2000bfd8    00000054     simplelink.a : driver.obj (.text:_SlDrvRxIrqHandler)
                  2000c02c    00000054                  : socket.obj (.text:_sl_HandleAsync_Select)
                  2000c080    00000054     rtsv7M4_T_le_eabi.lib : ltoa.obj (.text)
                  2000c0d4    00000050     simplelink.a : device.obj (.text:_sl_HandleAsync_Stop)
                  2000c124    0000004c     driverlib.a : spi.obj (.text:SPIIntEnable)
                  2000c170    0000004c                 : spi.obj (.text:SPIIntNumberGet)
                  2000c1bc    0000004c     simplelink.a : driver.obj (.text:_SlDrvProtectAsyncRespSetting)
                  2000c208    0000004c                  : socket.obj (.text:_sl_BuildAddress)
                  2000c254    0000004c     rtsv7M4_T_le_eabi.lib : atoi.obj (.text)
                  2000c2a0    0000004c                           : cpy_tbl.obj (.text)
                  2000c2ec    0000004c     driverlib.a : udma.obj (.text:uDMAChannelAssign)
                  2000c338    00000048                 : spi.obj (.text:SPIIntClear)
                  2000c380    00000048     simplelink.a : driver.obj (.text:_SlDrvBasicCmd)
                  2000c3c8    00000048     rtsv7M4_T_le_eabi.lib : fd_toi_t2.obj (.text)
                  2000c410    00000046                           : ldexp.obj (.text)
                  2000c456    00000002     --HOLE-- [fill = 0]
                  2000c458    00000044     driverlib.a : spi.obj (.text:SPIDmaMaskGet)
                  2000c49c    00000044                 : timer.obj (.text:TimerConfigure)
                  2000c4e0    00000044     simplelink.a : driver.obj (.text:_SlDrvSyncObjWaitTimeout)
                  2000c524    00000044                  : cc_pal.obj (.text:cc_SetupTransfer)
                  2000c568    00000044     rtsv7M4_T_le_eabi.lib : exit.obj (.text)
                  2000c5ac    00000042     simplelink.a : socket.obj (.text:sl_Htonl)
                  2000c5ee    00000002     --HOLE-- [fill = 0]
                  2000c5f0    00000040     driverlib.a : pin.obj (.text:PinModeSet)
                  2000c630    00000040     simplelink.a : socket.obj (.text:_sl_TruncatePayloadByProtocol)
                  2000c670    00000040     rtsv7M4_T_le_eabi.lib : signal.obj (.text)
                  2000c6b0    00000040                           : strtok.obj (.text)
                  2000c6f0    0000003e     simplelink.a : cc_pal.obj (.text:NwpRegisterInterruptHandler)
                  2000c72e    0000003c                  : netapp.obj (.text:CopyPingResultsToReport)
                  2000c76a    00000002     --HOLE-- [fill = 0]
                  2000c76c    0000003c     driverlib.a : prcm.obj (.text:PRCMPeripheralClkEnable)
                  2000c7a8    0000003c     rtsv7M4_T_le_eabi.lib : boot.obj (.text)
                  2000c7e4    0000003c     simplelink.a : cc_pal.obj (.text:simplelink_timerA2_start)
                  2000c820    0000003c                  : socket.obj (.text:sl_Htons)
                  2000c85c    0000003c     driverlib.a : udma.obj (.text:uDMAChannelControlSet)
                  2000c898    00000038     simplelink.a : cc_pal.obj (.text:NwpPowerOff)
                  2000c8d0    00000038                  : wlan.obj (.text:sl_WlanDisconnect)
                  2000c908    00000034     driverlib.a : prcm.obj (.text:PRCMPeripheralStatusGet)
                  2000c93c    00000034                 : spi.obj (.text:SPIFIFOLevelSet)
                  2000c970    00000034     rtsv7M4_T_le_eabi.lib : feraiseexcept.obj (.text)
                  2000c9a4    00000030     driverlib.a : uart.obj (.text:UARTDisable)
                  2000c9d4    00000030     rtsv7M4_T_le_eabi.lib : xferaise.obj (.text)
                  2000ca04    0000002e                           : i_tofd_t2.obj (.text)
                  2000ca32    0000002e                           : raise.obj (.text)
                  2000ca60    0000002c     simplelink.a : cc_pal.obj (.text:NwpPowerOn)
                  2000ca8c    0000002c     driverlib.a : prcm.obj (.text:PRCMSysResetCauseGet)
                  2000cab8    0000002c     simplelink.a : driver.obj (.text:_SlDrvObjGlobalLockWaitForever)
                  2000cae4    0000002c                  : driver.obj (.text:_SlDrvProtectionObjLockWaitForever)
                  2000cb10    0000002a     driverlib.a : timer.obj (.text:TimerLoadSet)
                  2000cb3a    0000002a                 : timer.obj (.text:TimerPrescaleSet)
                  2000cb64    0000002a     rtsv7M4_T_le_eabi.lib : strspn.obj (.text)
                  2000cb8e    00000002     --HOLE-- [fill = 0]
                  2000cb90    00000028     driverlib.a : prcm.obj (.text:PRCMPeripheralClkDisable)
                  2000cbb8    00000028     simplelink.a : driver.obj (.text:_SlDrvGlobalObjUnLock)
                  2000cbe0    00000028                  : driver.obj (.text:_SlDrvProtectionObjUnLock)
                  2000cc08    00000028                  : driver.obj (.text:_SlDrvSyncObjWaitForever)
                  2000cc30    00000026                  : driver.obj (.text:_SlDrvObjLockWaitForever)
                  2000cc56    00000002     --HOLE-- [fill = 0]
                  2000cc58    00000024                  : cc_pal.obj (.text:DmaSpiSwIntHandler)
                  2000cc7c    00000024     driverlib.a : interrupt.obj (.text:IntUnregister)
                  2000cca0    00000024                 : uart.obj (.text:UARTEnable)
                  2000ccc4    00000024     rtsv7M4_T_le_eabi.lib : memmov.obj (.text)
                  2000cce8    00000024                           : strcspn.obj (.text)
                  2000cd0c    00000022     driverlib.a : spi.obj (.text:SPIReset)
                  2000cd2e    00000022                 : spi.obj (.text:SPIWordCountSet)
                  2000cd50    00000022     rtsv7M4_T_le_eabi.lib : frexp.obj (.text)
                  2000cd72    00000002     --HOLE-- [fill = 0]
                  2000cd74    00000020     driverlib.a : interrupt.obj (.text:IntRegister)
                  2000cd94    00000020     simplelink.a : cc_pal.obj (.text:NwpPrePowerOffTimout0)
                  2000cdb4    00000020                  : cc_pal.obj (.text:TimerGetCurrentTimestamp)
                  2000cdd4    00000020                  : driver.obj (.text:_SlDrvObjUnLock)
                  2000cdf4    00000020                  : driver.obj (.text:_SlDrvSyncObjSignal)
                  2000ce14    0000001e     driverlib.a : timer.obj (.text:TimerEnable)
                  2000ce32    0000001e                 : uart.obj (.text:UARTCharPut)
                  2000ce50    0000001e     simplelink.a : cc_pal.obj (.text:cc_UDMAChannelSelect)
                  2000ce6e    0000001c     driverlib.a : timer.obj (.text:TimerValueGet)
                  2000ce8a    0000001c                 : uart.obj (.text:UARTCharGetNonBlocking)
                  2000cea6    0000001c     simplelink.a : driver.obj (.text:_SlDrvStartMeasureTimeout)
                  2000cec2    0000001c     pinmux.obj (.text)
                  2000cede    0000001c     rtsv7M4_T_le_eabi.lib : memccpy.obj (.text)
                  2000cefa    00000002     --HOLE-- [fill = 0]
                  2000cefc    0000001c     driverlib.a : udma.obj (.text:uDMAChannelDisable)
                  2000cf18    0000001c                 : udma.obj (.text:uDMAChannelEnable)
                  2000cf34    0000001c                 : udma.obj (.text:uDMAChannelRequest)
                  2000cf50    0000001a                 : pin.obj (.text:PinTypeUART)
                  2000cf6a    0000001a                 : spi.obj (.text:SPIDmaDisable)
                  2000cf84    0000001a                 : spi.obj (.text:SPIDmaEnable)
                  2000cf9e    0000001a                 : spi.obj (.text:SPIFIFODisable)
                  2000cfb8    0000001a                 : spi.obj (.text:SPIFIFOEnable)
                  2000cfd2    0000001a                 : spi.obj (.text:SPIIntUnregister)
                  2000cfec    00000018                 : spi.obj (.text:SPICSDisable)
                  2000d004    00000018                 : spi.obj (.text:SPICSEnable)
                  2000d01c    00000018                 : spi.obj (.text:SPIDisable)
                  2000d034    00000018                 : spi.obj (.text:SPIEnable)
                  2000d04c    00000018                 : uart.obj (.text:UARTCharsAvail)
                  2000d064    00000018     simplelink.a : nonos.obj (.text:_SlNonOsSemSet)
                  2000d07c    00000018                  : device.obj (.text:_sl_GetStartResponseConvert)
                  2000d094    00000018     rtsv7M4_T_le_eabi.lib : args_main.obj (.text)
                  2000d0ac    00000016     driverlib.a : prcm.obj (.text:PRCMHIBRegRead)
                  2000d0c2    00000016                 : prcm.obj (.text:PRCMHIBRegWrite)
                  2000d0d8    00000016                 : uart.obj (.text:UARTCharGet)
                  2000d0ee    00000016     simplelink.a : driver.obj (.text:_SlDrvMemZero)
                  2000d104    00000016     rtsv7M4_T_le_eabi.lib : strchr.obj (.text)
                  2000d11a    00000016     driverlib.a : udma.obj (.text:uDMAIntRegister)
                  2000d130    00000014                 : cpu.obj (.text:CPUcpsie)
                  2000d144    00000014                 : interrupt.obj (.text:IntVTableBaseSet)
                  2000d158    00000014     rtsv7M4_T_le_eabi.lib : _lock.obj (.text)
                  2000d16c    00000014                           : strlen.obj (.text)
                  2000d180    00000014     driverlib.a : udma.obj (.text:uDMAControlBaseSet)
                  2000d194    00000014                 : udma.obj (.text:uDMAIntClear)
                  2000d1a8    00000012                 : udma.obj (.text:uDMAIntUnregister)
                  2000d1ba    00000010     simplelink.a : driver.obj (.text:_SlDrvDispatchHttpServerEvents)
                  2000d1ca    0000000e                  : driver.obj (.text:_SlDrvResetCmdExt)
                  2000d1d8    0000000e     rtsv7M4_T_le_eabi.lib : copy_decompress_none.obj (.text:decompress:none)
                  2000d1e6    0000000e     startup_ccs.obj (.text)
                  2000d1f4    0000000c     simplelink.a : cc_pal.obj (.text:NwpMaskInterrupt)
                  2000d200    0000000c                  : cc_pal.obj (.text:NwpUnMaskInterrupt)
                  2000d20c    0000000c     rtsv7M4_T_le_eabi.lib : copy_zero_init.obj (.text:decompress:ZI)
                  2000d218    0000000c     driverlib.a : udma.obj (.text:uDMADisable)
                  2000d224    0000000c                 : udma.obj (.text:uDMAEnable)
                  2000d230    0000000c                 : udma.obj (.text:uDMAIntStatus)
                  2000d23c    0000000a                 : interrupt.obj (.text:IntMasterEnable)
                  2000d246    00000006                 : utils.obj (.text:UtilsDelay)
                  2000d24c    00000006     rtsv7M4_T_le_eabi.lib : copy_decompress_rle.obj (.text:decompress:rle24)
                  2000d252    00000004                           : pre_init.obj (.text)

.const     0    2000d258    000005d4     
                  2000d258    00000101     rtsv7M4_T_le_eabi.lib : ctype.obj (.const:.string:_ctypes_)
                  2000d359    00000003     --HOLE-- [fill = 0]
                  2000d35c    00000100     driverlib.a : pin.obj (.const:g_ulPinToPadMap)
                  2000d45c    000000d4                 : interrupt.obj (.const:g_pulRegs)
                  2000d530    000000a8                 : prcm.obj (.const:PRCM_PeriphRegsList)
                  2000d5d8    0000003c     simplelink.a : driver.obj (.const:OpcodeTranslateTable)
                  2000d614    00000038                  : driver.obj (.const:_SlActionLookupTable)
                  2000d64c    0000002c     main.obj (.const:$P$T1$2)
                  2000d678    0000002b     main.obj (.const:.string)
                  2000d6a3    00000001     --HOLE-- [fill = 0]
                  2000d6a4    00000024     driverlib.a : spi.obj (.const:g_ppulSPIIntMap)
                  2000d6c8    00000022     main.obj (.const:.string:$P$T0$1)
                  2000d6ea    00000002     --HOLE-- [fill = 0]
                  2000d6ec    00000020     simplelink.a : driver.obj (.const:RxMsgClassLUT)
                  2000d70c    00000020     main.obj (.const)
                  2000d72c    00000018     driverlib.a : interrupt.obj (.const:g_pulDisRegs)
                  2000d744    00000018                 : interrupt.obj (.const:g_pulEnRegs)
                  2000d75c    00000018                 : interrupt.obj (.const:g_pulUnpendRegs)
                  2000d774    00000018                 : spi.obj (.const:g_ulSPIDmaMaskMap)
                  2000d78c    00000014     simplelink.a : driver.obj (.const:$P$T0$1)
                  2000d7a0    00000014                  : nonos.obj (.const:$P$T0$1)
                  2000d7b4    00000010                  : socket.obj (.const:.string:_SlPayloadByProtocolLUT)
                  2000d7c4    00000008                  : device.obj (.const:StartResponseLUT)
                  2000d7cc    00000008                  : driver.obj (.const:g_H2NCnysPattern)
                  2000d7d4    00000008                  : driver.obj (.const:g_H2NSyncPattern)
                  2000d7dc    00000004                  : socket.obj (.const:$P$T0$1)
                  2000d7e0    00000004                  : wlan.obj (.const:$P$T0$1)
                  2000d7e4    00000004                  : socket.obj (.const:$P$T2$3)
                  2000d7e8    00000004                  : socket.obj (.const:_SlAcceptCmdCtrl)
                  2000d7ec    00000004                  : device.obj (.const:_SlDeviceGetCmdCtrl)
                  2000d7f0    00000004                  : socket.obj (.const:_SlListenCmdCtrl)
                  2000d7f4    00000004                  : netapp.obj (.const:_SlNetAppSendTokenValueCmdCtrl)
                  2000d7f8    00000004                  : netcfg.obj (.const:_SlNetCfgSetCmdCtrl)
                  2000d7fc    00000004                  : wlan.obj (.const:_SlPolicySetCmdCtrl)
                  2000d800    00000004                  : wlan.obj (.const:_SlProfileDelCmdCtrl)
                  2000d804    00000004                  : socket.obj (.const:_SlRecvCmdCtrl)
                  2000d808    00000004                  : netapp.obj (.const:_SlRegisterServiceCtrl)
                  2000d80c    00000004                  : wlan.obj (.const:_SlRxFilterSetCmdCtrl)
                  2000d810    00000004                  : socket.obj (.const:_SlSendCmdCtrl)
                  2000d814    00000004                  : socket.obj (.const:_SlSetSockOptCmdCtrl)
                  2000d818    00000004                  : socket.obj (.const:_SlSockCloseCmdCtrl)
                  2000d81c    00000004                  : socket.obj (.const:_SlSockSocketCmdCtrl)
                  2000d820    00000004                  : device.obj (.const:_SlStopCmdCtrl)
                  2000d824    00000004                  : wlan.obj (.const:_SlWlanCfgSetCmdCtrl)
                  2000d828    00000004                  : wlan.obj (.const:_SlWlanSetModeCmdCtrl)

.cinit     0    2000d830    00000090     
                  2000d830    00000065     (.cinit..data.load) [load image, compression = rle]
                  2000d895    00000003     --HOLE-- [fill = 0]
                  2000d898    0000000c     (__TI_handler_table)
                  2000d8a4    00000004     --HOLE-- [fill = 0]
                  2000d8a8    00000008     (.cinit..bss.load) [load image, compression = zero_init]
                  2000d8b0    00000010     (__TI_cinit_table)

.bss       0    20017000    00000c74     UNINITIALIZED
                  20017000    00000578     main.obj (.bss:g_cBsdBuf)
                  20017578    00000168     simplelink.a : driver.obj (.bss:g_StatMem)
                  200176e0    00000100     udma_if.obj (.bss:gfpAppCallbackHndl)
                  200177e0    00000008     (.common:g_ucConnectionBSSID)
                  200177e8    00000004     (.common:__Errorlog)
                  200177ec    00000001     (.common:RxIrqCnt)
                  200177ed    00000001     (.common:g_bDeviceRestartIsRequired)
                  200177ee    00000001     (.common:g_cDummy)
                  200177ef    00000001     (.common:iDone)
                  200177f0    00000010     --HOLE--
                  20017800    00000400     udma_if.obj (.bss:gpCtlTbl)
                  20017c00    00000050     (.common:g_ucDinDout)
                  20017c50    00000024     main.obj (.bss:g_ucConnectionSSID)

.TI.noinit 
*          0    20017000    00000000     UNINITIALIZED

.sysmem    0    20017c78    00000800     UNINITIALIZED
                  20017c78    00000008     rtsv7M4_T_le_eabi.lib : memory.obj (.sysmem)
                  20017c80    000007f8     --HOLE--

.data      0    20018478    000001d4     UNINITIALIZED
                  20018478    000000b0     rtsv7M4_T_le_eabi.lib : signal.obj (.data:sigtable)
                  20018528    00000080                           : xvalues.obj (.data)
                  200185a8    0000003c     simplelink.a : nonos.obj (.data:g__SlNonOsCB)
                  200185e4    0000001c     main.obj (.data)
                  20018600    0000000d     simplelink.a : driver.obj (.data)
                  2001860d    00000003     --HOLE--
                  20018610    0000000c     rtsv7M4_T_le_eabi.lib : memory.obj (.data)
                  2001861c    00000009     simplelink.a : cc_pal.obj (.data)
                  20018625    00000003     --HOLE--
                  20018628    00000008     rtsv7M4_T_le_eabi.lib : _lock.obj (.data)
                  20018630    00000008                           : exit.obj (.data)
                  20018638    00000008                           : feraiseexcept.obj (.data)
                  20018640    00000004                           : errno.obj (.data)
                  20018644    00000004                           : stkdepth_vars.obj (.data)
                  20018648    00000004                           : strtok.obj (.data)

.TI.persistent 
*          0    20018478    00000000     UNINITIALIZED

.stack     0    2002f800    00000800     UNINITIALIZED
                  2002f800    00000800     --HOLE--


LINKER GENERATED COPY TABLES

__TI_cinit_table @ 2000d8b0 records: 2, size/record: 8, table size: 16
	.data: load addr=2000d830, load size=00000065 bytes, run addr=20018478, run size=000001d4 bytes, compression=rle
	.bss: load addr=2000d8a8, load size=00000008 bytes, run addr=20017000, run size=00000c74 bytes, compression=zero_init


LINKER GENERATED HANDLER TABLE

__TI_handler_table @ 2000d898 records: 3, size/record: 4, table size: 12
	index: 0, handler: __TI_decompress_rle24
	index: 1, handler: __TI_decompress_none
	index: 2, handler: __TI_zero_init


GLOBAL SYMBOLS: SORTED ALPHABETICALLY BY Name 

address   name                                  
-------   ----                                  
20005249  BsdTcpClient                          
2000539d  BsdTcpServer                          
2000c569  C$$EXIT                               
2000d131  CPUcpsie                              
20007405  ClearTerm                             
200080cb  DmaErrorIntHandler                    
2000cc59  DmaSpiSwIntHandler                    
200080b5  DmaSwIntHandler                       
2000740f  Error                                 
20007447  GetCmd                                
200073c5  InitTerm                              
2000a775  IntDisable                            
2000a81d  IntEnable                             
2000d23d  IntMasterEnable                       
2000bed5  IntPendClear                          
2000bf85  IntPrioritySet                        
2000cd75  IntRegister                           
2000cc7d  IntUnregister                         
2000d145  IntVTableBaseSet                      
20004c53  IpAddressParser                       
200073e3  Message                               
2000d1f5  NwpMaskInterrupt                      
2000c899  NwpPowerOff                           
2000ca61  NwpPowerOn                            
2000cd95  NwpPrePowerOffTimout0                 
2000c6f1  NwpRegisterInterruptHandler           
2000d201  NwpUnMaskInterrupt                    
2000d5d8  OpcodeTranslateTable                  
20008c61  PRCMCC3200MCUInit                     
2000d0ad  PRCMHIBRegRead                        
2000d0c3  PRCMHIBRegWrite                       
2000cb91  PRCMPeripheralClkDisable              
2000c76d  PRCMPeripheralClkEnable               
2000ae41  PRCMPeripheralClockGet                
2000bf2d  PRCMPeripheralReset                   
2000c909  PRCMPeripheralStatusGet               
2000ca8d  PRCMSysResetCauseGet                  
2000b341  PinConfigSet                          
2000c5f1  PinModeSet                            
2000cec3  PinMuxConfig                          
2000cf51  PinTypeUART                           
20007585  Report                                
2000d1e7  ResetISR                              
200177ec  RxIrqCnt                              
UNDEFED   SHT$$INIT_ARRAY$$Base                 
UNDEFED   SHT$$INIT_ARRAY$$Limit                
2000cfed  SPICSDisable                          
2000d005  SPICSEnable                           
2000a969  SPIConfigSetExpClk                    
2000d01d  SPIDisable                            
2000cf6b  SPIDmaDisable                         
2000cf85  SPIDmaEnable                          
2000d035  SPIEnable                             
2000cf9f  SPIFIFODisable                        
2000cfb9  SPIFIFOEnable                         
2000c93d  SPIFIFOLevelSet                       
2000c339  SPIIntClear                           
2000c125  SPIIntEnable                          
2000cfd3  SPIIntUnregister                      
2000cd0d  SPIReset                              
2000cd2f  SPIWordCountSet                       
200045dd  SimpleLinkGeneralEventHandler         
200045bd  SimpleLinkHttpServerCallback          
2000450f  SimpleLinkNetAppEventHandler          
20004601  SimpleLinkSockEventHandler            
20004401  SimpleLinkWlanEventHandler            
2000c49d  TimerConfigure                        
2000ce15  TimerEnable                           
2000cdb5  TimerGetCurrentTimestamp              
2000cb11  TimerLoadSet                          
2000cb3b  TimerPrescaleSet                      
2000ce6f  TimerValueGet                         
200074ed  TrimSpace                             
2000d0d9  UARTCharGet                           
2000ce8b  UARTCharGetNonBlocking                
2000ce33  UARTCharPut                           
2000d04d  UARTCharsAvail                        
2000b855  UARTConfigSetExpClk                   
2000c9a5  UARTDisable                           
2000cca1  UARTEnable                            
2000813f  UDMAChannelSelect                     
20008213  UDMADeInit                            
200080d7  UDMAInit                              
2000816d  UDMASetupAutoMemTransfer              
200081a1  UDMASetupPingPongTransfer             
20008227  UDMASetupTransfer                     
200081fb  UDMAStartTransfer                     
20008207  UDMAStopTransfer                      
20004d3d  UserInput                             
2000d247  UtilsDelay                            
20018528  _Denorm                               
2000a54d  _Dnorm                                
200097d5  _Dscale                               
2000bb5b  _Dunscale                             
20018538  _Eps                                  
20018640  _Errno                                
20018638  _Fenv                                 
2000c9d5  _Feraise                              
20018548  _Hugeval                              
20018558  _Inf                                  
20018568  _Nan                                  
20018588  _Rteps                                
2000d614  _SlActionLookupTable                  
2000a8c5  _SlDriverHandleError                  
2000c381  _SlDrvBasicCmd                        
2000a48d  _SlDrvCmdOp                           
2000b941  _SlDrvCmdSend                         
20007d01  _SlDrvDataReadOp                      
20008f49  _SlDrvDataWriteOp                     
2000ab45  _SlDrvDeviceEventHandler              
2000d1bb  _SlDrvDispatchHttpServerEvents        
20009591  _SlDrvDriverCBDeinit                  
200085f5  _SlDrvDriverCBInit                    
2000cbb9  _SlDrvGlobalObjUnLock                 
2000b19d  _SlDrvIsTimeoutExpired                
2000d0ef  _SlDrvMemZero                         
20009f89  _SlDrvMsgReadSpawnCtx                 
200098e5  _SlDrvNetAppEventHandler              
2000cc31  _SlDrvObjLockWaitForever              
2000cdd5  _SlDrvObjUnLock                       
2000c1bd  _SlDrvProtectAsyncRespSetting         
2000cae5  _SlDrvProtectionObjLockWaitForever    
2000cbe1  _SlDrvProtectionObjUnLock             
20007ee5  _SlDrvReleasePoolObj                  
2000d1cb  _SlDrvResetCmdExt                     
2000bfd9  _SlDrvRxIrqHandler                    
2000cea7  _SlDrvStartMeasureTimeout             
2000cdf5  _SlDrvSyncObjSignal                   
2000cc09  _SlDrvSyncObjWaitForever              
2000c4e1  _SlDrvSyncObjWaitTimeout              
20008945  _SlDrvWaitForPoolObj                  
2000d7f4  _SlNetAppSendTokenValueCmdCtrl        
2000b8cd  _SlNonOsMainLoopTask                  
2000a6c5  _SlNonOsSemGet                        
2000d065  _SlNonOsSemSet                        
2000bbc1  _SlNonOsSpawn                         
20018578  _Snan                                 
2001863c  _Tls_setup__Fenv                      
20018598  _Xbig                                 
200185a0  _Zero                                 
20030000  __STACK_END                           
00000800  __STACK_SIZE                          
00000800  __SYSMEM_SIZE                         
2000d8b0  __TI_CINIT_Base                       
2000d8c0  __TI_CINIT_Limit                      
2000d898  __TI_Handler_Table_Base               
2000d8a4  __TI_Handler_Table_Limit              
2000ba19  __TI_auto_init                        
20018630  __TI_cleanup_ptr                      
2000d1d9  __TI_decompress_none                  
2000d24d  __TI_decompress_rle24                 
20018634  __TI_dtors_ptr                        
2000674f  __TI_printfi                          
2000d830  __TI_static_base__                    
2000d20d  __TI_zero_init                        
2000b451  __aeabi_cdcmpeq                       
2000b451  __aeabi_cdcmple                       
2000b4d7  __aeabi_cdrcmple                      
2000c3c9  __aeabi_d2iz                          
20008447  __aeabi_dadd                          
20009325  __aeabi_ddiv                          
200099e9  __aeabi_dmul                          
2000843d  __aeabi_dsub                          
2000ca05  __aeabi_i2d                           
2000b761  __aeabi_memclr                        
2000b761  __aeabi_memclr4                       
2000b761  __aeabi_memclr8                       
2000aaa9  __aeabi_memcpy                        
2000aaa9  __aeabi_memcpy4                       
2000aaa9  __aeabi_memcpy8                       
2000b763  __aeabi_memset                        
2000b763  __aeabi_memset4                       
2000b763  __aeabi_memset8                       
20007b0d  __aeabi_uldivmod                      
ffffffff  __binit__                             
ffffffff  __c_args__                            
2002f800  __stack                               
2000d095  _args_main                            
2000c7a9  _c_int00                              
2000d258  _ctypes_                              
20018628  _lock                                 
2000d167  _nop                                  
2000d15f  _register_lock                        
2000d159  _register_unlock                      
2000bc25  _sl_HandleAsync_Accept                
2000b5e1  _sl_HandleAsync_Connect               
2000aed5  _sl_HandleAsync_DnsGetHostByName      
2000a231  _sl_HandleAsync_DnsGetHostByService   
2000b229  _sl_HandleAsync_InitComplete          
2000af65  _sl_HandleAsync_PingResponse          
2000c02d  _sl_HandleAsync_Select                
2000c0d5  _sl_HandleAsync_Stop                  
2000b9ad  _sl_NetAppSendTokenValue              
20017c78  _sys_memory                           
2000d253  _system_pre_init                      
2001862c  _unlock                               
2000c56d  abort                                 
2000c255  atoi                                  
ffffffff  binit                                 
20007391  calloc                                
2000c2a1  copy_in                               
2000c575  exit                                  
2000c971  feraiseexcept                         
200070df  free                                  
2000cd51  frexp                                 
20018600  g_SlDeviceStatus                      
2001861c  g_SpiFd                               
200185a8  g__SlNonOsCB                          
200177ed  g_bDeviceRestartIsRequired            
20017000  g_cBsdBuf                             
200177ee  g_cDummy                              
20018604  g_pCB                                 
20018620  g_pHostIntHdl                         
20004000  g_pfnVectors                          
200177e0  g_ucConnectionBSSID                   
20017c50  g_ucConnectionSSID                    
200185f8  g_ucConnectionStatus                  
20018624  g_ucDMAEnabled                        
20017c00  g_ucDinDout                           
200185f9  g_ucSimplelinkstarted                 
200185f0  g_uiPortNum                           
200185ec  g_ulDestinationIp                     
200185e8  g_ulGatewayIP                         
200185fc  g_ulIpAddr                            
200185f4  g_ulPacketCount                       
200185e4  g_ulStatus                            
200176e0  gfpAppCallbackHndl                    
20017800  gpCtlTbl                              
200177ef  iDone                                 
2000c411  ldexp                                 
2000c081  ltoa                                  
200056a9  main                                  
20018644  main_func_sp                          
20007077  malloc                                
200072ad  memalign                              
2000cedf  memccpy                               
2000aaa9  memcpy                                
2000ccc5  memmove                               
2000b769  memset                                
20006fe9  minit                                 
20018608  pPingCallBackFunc                     
2000ca33  raise                                 
200071a1  realloc                               
2000c671  signal                                
2000c7e5  simplelink_timerA2_start              
20008281  sl_Accept                             
2000a60d  sl_Bind                               
2000bdb5  sl_Close                              
20008ad5  sl_Connect                            
2000a2fd  sl_DevGet                             
2000c5ad  sl_Htonl                              
2000c821  sl_Htons                              
2000ba85  sl_Listen                             
2000a071  sl_NetAppMDNSRegisterUnregisterService
2000bc89  sl_NetAppMDNSUnRegisterService        
2000abe1  sl_NetCfgSet                          
2000aa09  sl_Recv                               
2000945d  sl_Send                               
2000ac79  sl_SetSockOpt                         
2000b2b5  sl_Socket                             
20009db5  sl_Start                              
20009ae5  sl_Stop                               
20007645  sl_WlanConnect                        
2000c8d1  sl_WlanDisconnect                     
2000aff5  sl_WlanPolicySet                      
2000be15  sl_WlanProfileDel                     
2000b55d  sl_WlanRxFilterSet                    
2000ad11  sl_WlanSet                            
2000be75  sl_WlanSetMode                        
2000b7dd  spi_Close                             
20009099  spi_Open                              
20009bd5  spi_Read                              
2000ada9  spi_Write                             
2000d105  strchr                                
2000cce9  strcspn                               
2000d16d  strlen                                
2000cb65  strspn                                
2000c6b1  strtok                                
200096c1  strtoul                               
2000c2ed  uDMAChannelAssign                     
2000bced  uDMAChannelAttributeDisable           
2000bd51  uDMAChannelAttributeEnable            
2000c85d  uDMAChannelControlSet                 
2000cefd  uDMAChannelDisable                    
2000cf19  uDMAChannelEnable                     
2000cf35  uDMAChannelRequest                    
20009cc5  uDMAChannelTransferSet                
2000d181  uDMAControlBaseSet                    
2000d219  uDMADisable                           
2000d225  uDMAEnable                            
2000d195  uDMAIntClear                          
2000d11b  uDMAIntRegister                       
2000d231  uDMAIntStatus                         
2000d1a9  uDMAIntUnregister                     
2000b3c9  vsnprintf                             


GLOBAL SYMBOLS: SORTED BY Symbol Address 

address   name                                  
-------   ----                                  
00000800  __STACK_SIZE                          
00000800  __SYSMEM_SIZE                         
20004000  g_pfnVectors                          
20004401  SimpleLinkWlanEventHandler            
2000450f  SimpleLinkNetAppEventHandler          
200045bd  SimpleLinkHttpServerCallback          
200045dd  SimpleLinkGeneralEventHandler         
20004601  SimpleLinkSockEventHandler            
20004c53  IpAddressParser                       
20004d3d  UserInput                             
20005249  BsdTcpClient                          
2000539d  BsdTcpServer                          
200056a9  main                                  
2000674f  __TI_printfi                          
20006fe9  minit                                 
20007077  malloc                                
200070df  free                                  
200071a1  realloc                               
200072ad  memalign                              
20007391  calloc                                
200073c5  InitTerm                              
200073e3  Message                               
20007405  ClearTerm                             
2000740f  Error                                 
20007447  GetCmd                                
200074ed  TrimSpace                             
20007585  Report                                
20007645  sl_WlanConnect                        
20007b0d  __aeabi_uldivmod                      
20007d01  _SlDrvDataReadOp                      
20007ee5  _SlDrvReleasePoolObj                  
200080b5  DmaSwIntHandler                       
200080cb  DmaErrorIntHandler                    
200080d7  UDMAInit                              
2000813f  UDMAChannelSelect                     
2000816d  UDMASetupAutoMemTransfer              
200081a1  UDMASetupPingPongTransfer             
200081fb  UDMAStartTransfer                     
20008207  UDMAStopTransfer                      
20008213  UDMADeInit                            
20008227  UDMASetupTransfer                     
20008281  sl_Accept                             
2000843d  __aeabi_dsub                          
20008447  __aeabi_dadd                          
200085f5  _SlDrvDriverCBInit                    
20008945  _SlDrvWaitForPoolObj                  
20008ad5  sl_Connect                            
20008c61  PRCMCC3200MCUInit                     
20008f49  _SlDrvDataWriteOp                     
20009099  spi_Open                              
20009325  __aeabi_ddiv                          
2000945d  sl_Send                               
20009591  _SlDrvDriverCBDeinit                  
200096c1  strtoul                               
200097d5  _Dscale                               
200098e5  _SlDrvNetAppEventHandler              
200099e9  __aeabi_dmul                          
20009ae5  sl_Stop                               
20009bd5  spi_Read                              
20009cc5  uDMAChannelTransferSet                
20009db5  sl_Start                              
20009f89  _SlDrvMsgReadSpawnCtx                 
2000a071  sl_NetAppMDNSRegisterUnregisterService
2000a231  _sl_HandleAsync_DnsGetHostByService   
2000a2fd  sl_DevGet                             
2000a48d  _SlDrvCmdOp                           
2000a54d  _Dnorm                                
2000a60d  sl_Bind                               
2000a6c5  _SlNonOsSemGet                        
2000a775  IntDisable                            
2000a81d  IntEnable                             
2000a8c5  _SlDriverHandleError                  
2000a969  SPIConfigSetExpClk                    
2000aa09  sl_Recv                               
2000aaa9  __aeabi_memcpy                        
2000aaa9  __aeabi_memcpy4                       
2000aaa9  __aeabi_memcpy8                       
2000aaa9  memcpy                                
2000ab45  _SlDrvDeviceEventHandler              
2000abe1  sl_NetCfgSet                          
2000ac79  sl_SetSockOpt                         
2000ad11  sl_WlanSet                            
2000ada9  spi_Write                             
2000ae41  PRCMPeripheralClockGet                
2000aed5  _sl_HandleAsync_DnsGetHostByName      
2000af65  _sl_HandleAsync_PingResponse          
2000aff5  sl_WlanPolicySet                      
2000b19d  _SlDrvIsTimeoutExpired                
2000b229  _sl_HandleAsync_InitComplete          
2000b2b5  sl_Socket                             
2000b341  PinConfigSet                          
2000b3c9  vsnprintf                             
2000b451  __aeabi_cdcmpeq                       
2000b451  __aeabi_cdcmple                       
2000b4d7  __aeabi_cdrcmple                      
2000b55d  sl_WlanRxFilterSet                    
2000b5e1  _sl_HandleAsync_Connect               
2000b761  __aeabi_memclr                        
2000b761  __aeabi_memclr4                       
2000b761  __aeabi_memclr8                       
2000b763  __aeabi_memset                        
2000b763  __aeabi_memset4                       
2000b763  __aeabi_memset8                       
2000b769  memset                                
2000b7dd  spi_Close                             
2000b855  UARTConfigSetExpClk                   
2000b8cd  _SlNonOsMainLoopTask                  
2000b941  _SlDrvCmdSend                         
2000b9ad  _sl_NetAppSendTokenValue              
2000ba19  __TI_auto_init                        
2000ba85  sl_Listen                             
2000bb5b  _Dunscale                             
2000bbc1  _SlNonOsSpawn                         
2000bc25  _sl_HandleAsync_Accept                
2000bc89  sl_NetAppMDNSUnRegisterService        
2000bced  uDMAChannelAttributeDisable           
2000bd51  uDMAChannelAttributeEnable            
2000bdb5  sl_Close                              
2000be15  sl_WlanProfileDel                     
2000be75  sl_WlanSetMode                        
2000bed5  IntPendClear                          
2000bf2d  PRCMPeripheralReset                   
2000bf85  IntPrioritySet                        
2000bfd9  _SlDrvRxIrqHandler                    
2000c02d  _sl_HandleAsync_Select                
2000c081  ltoa                                  
2000c0d5  _sl_HandleAsync_Stop                  
2000c125  SPIIntEnable                          
2000c1bd  _SlDrvProtectAsyncRespSetting         
2000c255  atoi                                  
2000c2a1  copy_in                               
2000c2ed  uDMAChannelAssign                     
2000c339  SPIIntClear                           
2000c381  _SlDrvBasicCmd                        
2000c3c9  __aeabi_d2iz                          
2000c411  ldexp                                 
2000c49d  TimerConfigure                        
2000c4e1  _SlDrvSyncObjWaitTimeout              
2000c569  C$$EXIT                               
2000c56d  abort                                 
2000c575  exit                                  
2000c5ad  sl_Htonl                              
2000c5f1  PinModeSet                            
2000c671  signal                                
2000c6b1  strtok                                
2000c6f1  NwpRegisterInterruptHandler           
2000c76d  PRCMPeripheralClkEnable               
2000c7a9  _c_int00                              
2000c7e5  simplelink_timerA2_start              
2000c821  sl_Htons                              
2000c85d  uDMAChannelControlSet                 
2000c899  NwpPowerOff                           
2000c8d1  sl_WlanDisconnect                     
2000c909  PRCMPeripheralStatusGet               
2000c93d  SPIFIFOLevelSet                       
2000c971  feraiseexcept                         
2000c9a5  UARTDisable                           
2000c9d5  _Feraise                              
2000ca05  __aeabi_i2d                           
2000ca33  raise                                 
2000ca61  NwpPowerOn                            
2000ca8d  PRCMSysResetCauseGet                  
2000cae5  _SlDrvProtectionObjLockWaitForever    
2000cb11  TimerLoadSet                          
2000cb3b  TimerPrescaleSet                      
2000cb65  strspn                                
2000cb91  PRCMPeripheralClkDisable              
2000cbb9  _SlDrvGlobalObjUnLock                 
2000cbe1  _SlDrvProtectionObjUnLock             
2000cc09  _SlDrvSyncObjWaitForever              
2000cc31  _SlDrvObjLockWaitForever              
2000cc59  DmaSpiSwIntHandler                    
2000cc7d  IntUnregister                         
2000cca1  UARTEnable                            
2000ccc5  memmove                               
2000cce9  strcspn                               
2000cd0d  SPIReset                              
2000cd2f  SPIWordCountSet                       
2000cd51  frexp                                 
2000cd75  IntRegister                           
2000cd95  NwpPrePowerOffTimout0                 
2000cdb5  TimerGetCurrentTimestamp              
2000cdd5  _SlDrvObjUnLock                       
2000cdf5  _SlDrvSyncObjSignal                   
2000ce15  TimerEnable                           
2000ce33  UARTCharPut                           
2000ce6f  TimerValueGet                         
2000ce8b  UARTCharGetNonBlocking                
2000cea7  _SlDrvStartMeasureTimeout             
2000cec3  PinMuxConfig                          
2000cedf  memccpy                               
2000cefd  uDMAChannelDisable                    
2000cf19  uDMAChannelEnable                     
2000cf35  uDMAChannelRequest                    
2000cf51  PinTypeUART                           
2000cf6b  SPIDmaDisable                         
2000cf85  SPIDmaEnable                          
2000cf9f  SPIFIFODisable                        
2000cfb9  SPIFIFOEnable                         
2000cfd3  SPIIntUnregister                      
2000cfed  SPICSDisable                          
2000d005  SPICSEnable                           
2000d01d  SPIDisable                            
2000d035  SPIEnable                             
2000d04d  UARTCharsAvail                        
2000d065  _SlNonOsSemSet                        
2000d095  _args_main                            
2000d0ad  PRCMHIBRegRead                        
2000d0c3  PRCMHIBRegWrite                       
2000d0d9  UARTCharGet                           
2000d0ef  _SlDrvMemZero                         
2000d105  strchr                                
2000d11b  uDMAIntRegister                       
2000d131  CPUcpsie                              
2000d145  IntVTableBaseSet                      
2000d159  _register_unlock                      
2000d15f  _register_lock                        
2000d167  _nop                                  
2000d16d  strlen                                
2000d181  uDMAControlBaseSet                    
2000d195  uDMAIntClear                          
2000d1a9  uDMAIntUnregister                     
2000d1bb  _SlDrvDispatchHttpServerEvents        
2000d1cb  _SlDrvResetCmdExt                     
2000d1d9  __TI_decompress_none                  
2000d1e7  ResetISR                              
2000d1f5  NwpMaskInterrupt                      
2000d201  NwpUnMaskInterrupt                    
2000d20d  __TI_zero_init                        
2000d219  uDMADisable                           
2000d225  uDMAEnable                            
2000d231  uDMAIntStatus                         
2000d23d  IntMasterEnable                       
2000d247  UtilsDelay                            
2000d24d  __TI_decompress_rle24                 
2000d253  _system_pre_init                      
2000d258  _ctypes_                              
2000d5d8  OpcodeTranslateTable                  
2000d614  _SlActionLookupTable                  
2000d7f4  _SlNetAppSendTokenValueCmdCtrl        
2000d830  __TI_static_base__                    
2000d898  __TI_Handler_Table_Base               
2000d8a4  __TI_Handler_Table_Limit              
2000d8b0  __TI_CINIT_Base                       
2000d8c0  __TI_CINIT_Limit                      
20017000  g_cBsdBuf                             
200176e0  gfpAppCallbackHndl                    
200177e0  g_ucConnectionBSSID                   
200177ec  RxIrqCnt                              
200177ed  g_bDeviceRestartIsRequired            
200177ee  g_cDummy                              
200177ef  iDone                                 
20017800  gpCtlTbl                              
20017c00  g_ucDinDout                           
20017c50  g_ucConnectionSSID                    
20017c78  _sys_memory                           
20018528  _Denorm                               
20018538  _Eps                                  
20018548  _Hugeval                              
20018558  _Inf                                  
20018568  _Nan                                  
20018578  _Snan                                 
20018588  _Rteps                                
20018598  _Xbig                                 
200185a0  _Zero                                 
200185a8  g__SlNonOsCB                          
200185e4  g_ulStatus                            
200185e8  g_ulGatewayIP                         
200185ec  g_ulDestinationIp                     
200185f0  g_uiPortNum                           
200185f4  g_ulPacketCount                       
200185f8  g_ucConnectionStatus                  
200185f9  g_ucSimplelinkstarted                 
200185fc  g_ulIpAddr                            
20018600  g_SlDeviceStatus                      
20018604  g_pCB                                 
20018608  pPingCallBackFunc                     
2001861c  g_SpiFd                               
20018620  g_pHostIntHdl                         
20018624  g_ucDMAEnabled                        
20018628  _lock                                 
2001862c  _unlock                               
20018630  __TI_cleanup_ptr                      
20018634  __TI_dtors_ptr                        
20018638  _Fenv                                 
2001863c  _Tls_setup__Fenv                      
20018640  _Errno                                
20018644  main_func_sp                          
2002f800  __stack                               
20030000  __STACK_END                           
ffffffff  __binit__                             
ffffffff  __c_args__                            
ffffffff  binit                                 
UNDEFED   SHT$$INIT_ARRAY$$Base                 
UNDEFED   SHT$$INIT_ARRAY$$Limit                

[295 symbols]
